******************************************************************************
                  TI ARM Linker PC v20.2.7                     
******************************************************************************
>> Linked Thu May  1 13:21:47 2025

OUTPUT FILE NAME:   <FinalProject.out>
ENTRY POINT SYMBOL: "_c_int00_noargs"  address: 00006e95


MEMORY CONFIGURATION

         name            origin    length      used     unused   attr    fill
----------------------  --------  ---------  --------  --------  ----  --------
  FLASH                 00000000   00040000  00007483  00038b7d  R  X
  SRAM                  20000000   00008000  00002341  00005cbf  RW X


SEGMENT ALLOCATION MAP

run origin  load origin   length   init length attrs members
----------  ----------- ---------- ----------- ----- -------
00000000    00000000    00007488   00007488    r-x
  00000000    00000000    0000026c   0000026c    r-- .intvecs
  0000026c    0000026c    00006e6c   00006e6c    r-x .text
  000070d8    000070d8    0000033b   0000033b    r-- .const
  00007418    00007418    00000070   00000070    r-- .cinit
20000000    20000000    00002345   00000000    rw-
  20000000    20000000    0000026c   00000000    rw- .vtable
  20000270    20000270    00001000   00000000    rw- .stack
  20001270    20001270    00001000   00000000    rw- .sysmem
  20002270    20002270    00000070   00000000    rw- .bss
  200022e0    200022e0    00000065   00000000    rw- .data


SECTION ALLOCATION MAP

 output                                  attributes/
section   page    origin      length       input sections
--------  ----  ----------  ----------   ----------------
.intvecs   0    00000000    0000026c     
                  00000000    0000026c     tm4c123gh6pm_startup_ccs.obj (.intvecs)

.text      0    0000026c    00006e6c     
                  0000026c    00000c20     open_interface.obj (.text)
                  00000e8c    00000a4e     rtsv7M4_T_le_v4SPD16_eabi.lib : _printfi.c.obj (.text:__TI_printfi)
                  000018da    00000002                                   : _lock.c.obj (.text:_nop)
                  000018dc    00000a14     main.obj (.text)
                  000022f0    000009d0     rtsv7M4_T_le_v4SPD16_eabi.lib : e_pow.c.obj (.text:pow)
                  00002cc0    00000738                                   : k_rem_pio2.c.obj (.text:__kernel_rem_pio2)
                  000033f8    000005e0                                   : s_sin.c.obj (.text:sin)
                  000039d8    000005dc                                   : s_cos.c.obj (.text:cos)
                  00003fb4    00000398     servo.obj (.text)
                  0000434c    00000328     lcd.obj (.text)
                  00004674    000002ec     rtsv7M4_T_le_v4SPD16_eabi.lib : s_atan.c.obj (.text:atan)
                  00004960    00000290     ping.obj (.text)
                  00004bf0    00000270     rtsv7M4_T_le_v4SPD16_eabi.lib : _printfi.c.obj (.text:_pconv_a)
                  00004e60    00000248     Timer.obj (.text)
                  000050a8    000001e4     rtsv7M4_T_le_v4SPD16_eabi.lib : e_atan2.c.obj (.text:atan2)
                  0000528c    000001d0                                   : _printfi.c.obj (.text:_pconv_g)
                  0000545c    000001c0     uart-interrupt.obj (.text)
                  0000561c    000001b6     rtsv7M4_T_le_v4SPD16_eabi.lib : fd_add_t2.asm.obj (.text)
                  000057d2    00000002                                   : div0.asm.obj (.text)
                  000057d4    00000174                                   : k_sin.c.obj (.text:__kernel_sin)
                  00005948    00000170                                   : k_cos.c.obj (.text:__kernel_cos)
                  00005ab8    00000158                                   : e_sqrt.c.obj (.text:sqrt)
                  00005c10    0000013c                                   : _printfi.c.obj (.text:_pconv_e)
                  00005d4c    00000136                                   : fd_div_t2.asm.obj (.text)
                  00005e82    00000002     --HOLE-- [fill = 0]
                  00005e84    00000124                                   : _printfi.c.obj (.text:fcvt)
                  00005fa8    00000110                                   : s_scalbn.c.obj (.text:scalbn)
                  000060b8    0000010c     adc.obj (.text)
                  000061c4    00000100     rtsv7M4_T_le_v4SPD16_eabi.lib : memory.c.obj (.text:aligned_alloc)
                  000062c4    000000fc                                   : fd_mul_t2.asm.obj (.text)
                  000063c0    000000f8                                   : s_floor.c.obj (.text:floor)
                  000064b8    000000e4                                   : memory.c.obj (.text:free)
                  0000659c    000000b1                                   : _printfi.c.obj (.text:_ltostr)
                  0000664d    00000001     --HOLE-- [fill = 0]
                  0000664e    0000009c                                   : memcpy_t2.asm.obj (.text)
                  000066ea    00000096                                   : ull_div_t2.asm.obj (.text)
                  00006780    00000086                                   : fd_cmp_t2.asm.obj (.text:__aeabi_cdcmple)
                  00006806    00000086                                   : fd_cmp_t2.asm.obj (.text:__aeabi_cdrcmple)
                  0000688c    0000007a                                   : memset_t2.asm.obj (.text)
                  00006906    00000002     --HOLE-- [fill = 0]
                  00006908    00000070                                   : memory.c.obj (.text:split)
                  00006978    0000006e                                   : _printfi.c.obj (.text:_mcpy)
                  000069e6    0000006e                                   : fd_tos_t2.asm.obj (.text)
                  00006a54    00000068                                   : copy_decompress_lzss.c.obj (.text:decompress:lzss:__TI_decompress_lzss)
                  00006abc    00000064                                   : s_frexp.c.obj (.text:frexp)
                  00006b20    00000056                                   : _printfi.c.obj (.text:_pconv_f)
                  00006b76    00000054                                   : _ltoa.c.obj (.text:__TI_ltoa)
                  00006bca    00000052                                   : _printfi.c.obj (.text:_ecpy)
                  00006c1c    0000004c                                   : atoi.c.obj (.text:atoi)
                  00006c68    00000048                                   : fd_toi_t2.asm.obj (.text)
                  00006cb0    00000044                                   : autoinit.c.obj (.text:__TI_auto_init_nobinit_nopinit:__TI_auto_init_nobinit_nopinit)
                  00006cf4    00000040                                   : sprintf.c.obj (.text:sprintf)
                  00006d34    00000040                                   : vsnprintf.c.obj (.text:vsnprintf)
                  00006d74    0000003e                                   : _printfi.c.obj (.text:_fcpy)
                  00006db2    0000003e     cyBot_Scan.obj (.text)
                  00006df0    00000038     rtsv7M4_T_le_v4SPD16_eabi.lib : memory.c.obj (.text:calloc)
                  00006e28    00000038                                   : fs_tod_t2.asm.obj (.text)
                  00006e60    00000034     driverlib.lib : interrupt.obj (.text:IntRegister)
                  00006e94    00000034     rtsv7M4_T_le_v4SPD16_eabi.lib : boot_cortex_m.c.obj (.text:_c_int00_noargs:_c_int00_noargs)
                  00006ec8    00000030                                   : vsnprintf.c.obj (.text:_outs)
                  00006ef8    0000002e                                   : i_tofd_t2.asm.obj (.text)
                  00006f26    00000002     --HOLE-- [fill = 0]
                  00006f28    00000028                                   : memory.c.obj (.text:free_list_insert)
                  00006f50    0000001c                                   : copy_zero_init.c.obj (.text:decompress:ZI:__TI_zero_init_nomemset:__TI_zero_init_nomemset)
                  00006f6c    0000001c                                   : memory.c.obj (.text:free_list_remove)
                  00006f88    0000001c                                   : memccpy.c.obj (.text:memccpy)
                  00006fa4    0000001a                                   : s_copysign.c.obj (.text:copysign)
                  00006fbe    00000018                                   : vsnprintf.c.obj (.text:_outc)
                  00006fd6    00000018                                   : sprintf.c.obj (.text:_outs)
                  00006fee    00000018     open_interface.obj (.text:oi_parseInt)
                  00007006    00000018     rtsv7M4_T_le_v4SPD16_eabi.lib : strcmp.c.obj (.text:strcmp)
                  0000701e    00000016                                   : strchr.c.obj (.text:strchr)
                  00007034    00000014                                   : strcpy.c.obj (.text:strcpy)
                  00007048    00000014                                   : strlen.c.obj (.text:strlen)
                  0000705c    00000012                                   : wcslen.c.obj (.text:wcslen)
                  0000706e    00000010     driverlib.lib : interrupt.obj (.text:IntMasterEnable)
                  0000707e    00000010     lcd.obj (.text:lcd_clear)
                  0000708e    0000000e     rtsv7M4_T_le_v4SPD16_eabi.lib : copy_decompress_none.c.obj (.text:decompress:none:__TI_decompress_none)
                  0000709c    0000000c     driverlib.lib : cpu.obj (.text:CPUcpsie)
                  000070a8    0000000c     tm4c123gh6pm_startup_ccs.obj (.text)
                  000070b4    0000000a     rtsv7M4_T_le_v4SPD16_eabi.lib : sprintf.c.obj (.text:_outc)
                  000070be    00000002     --HOLE-- [fill = 0]
                  000070c0    00000008                                   : errno.c.obj (.text:__aeabi_errno_addr)
                  000070c8    00000008                                   : memory.c.obj (.text:malloc)
                  000070d0    00000004                                   : pre_init.c.obj (.text:_system_pre_init)
                  000070d4    00000004                                   : exit.c.obj (.text:abort:abort)

.const     0    000070d8    0000033b     
                  000070d8    00000158     rtsv7M4_T_le_v4SPD16_eabi.lib : k_rem_pio2.c.obj (.const:$O1$$)
                  00007230    00000101                                   : ctype.c.obj (.const:.string:_ctypes_)
                  00007331    00000004     lcd.obj (.const:.string:lineAddress$1)
                  00007335    00000003     --HOLE-- [fill = 0]
                  00007338    00000098     rtsv7M4_T_le_v4SPD16_eabi.lib : s_atan.c.obj (.const:$O1$$)
                  000073d0    00000030                                   : e_pow.c.obj (.const:$O1$$)
                  00007400    0000000f     open_interface.obj (.const:.string:$P$T0$3)
                  0000740f    00000004     lcd.obj (.const:.string:lineAddresses$2)

.cinit     0    00007418    00000070     
                  00007418    00000035     (.cinit..data.load) [load image, compression = lzss]
                  0000744d    00000003     --HOLE-- [fill = 0]
                  00007450    0000000c     (__TI_handler_table)
                  0000745c    00000004     --HOLE-- [fill = 0]
                  00007460    00000008     (.cinit..bss.load) [load image, compression = zero_init]
                  00007468    00000008     (.cinit..vtable.load) [load image, compression = zero_init]
                  00007470    00000018     (__TI_cinit_table)

.init_array 
*          0    00000000    00000000     UNINITIALIZED

.vtable    0    20000000    0000026c     UNINITIALIZED
                  20000000    0000026c     driverlib.lib : interrupt.obj (.vtable)

.stack     0    20000270    00001000     UNINITIALIZED
                  20000270    00000004     rtsv7M4_T_le_v4SPD16_eabi.lib : boot_cortex_m.c.obj (.stack)
                  20000274    00000ffc     --HOLE--

.sysmem    0    20001270    00001000     UNINITIALIZED
                  20001270    00000010     rtsv7M4_T_le_v4SPD16_eabi.lib : memory.c.obj (.sysmem)
                  20001280    00000ff0     --HOLE--

.bss       0    20002270    00000070     UNINITIALIZED
                  20002270    00000054     lcd.obj (.bss:lastbuffer$3)
                  200022c4    00000018     open_interface.obj (.bss:firmware$2)
                  200022dc    00000004     (.common:_timeout_ticks)

.data      0    200022e0    00000065     UNINITIALIZED
                  200022e0    00000020     open_interface.obj (.data)
                  20002300    00000014     servo.obj (.data)
                  20002314    00000010     ping.obj (.data)
                  20002324    0000000c     uart-interrupt.obj (.data)
                  20002330    00000008     rtsv7M4_T_le_v4SPD16_eabi.lib : _lock.c.obj (.data:$O1$$)
                  20002338    00000008                                   : memory.c.obj (.data:$O1$$)
                  20002340    00000004                                   : errno.c.obj (.data)
                  20002344    00000001     Timer.obj (.data)

__llvm_prf_cnts 
*          0    20000000    00000000     UNINITIALIZED

MODULE SUMMARY

       Module                         code    ro data   rw data
       ------                         ----    -------   -------
    .\
       open_interface.obj             3128    15        56     
       main.obj                       2580    0         0      
       servo.obj                      920     0         20     
       lcd.obj                        824     8         84     
       ping.obj                       656     0         16     
       tm4c123gh6pm_startup_ccs.obj   12      620       0      
       Timer.obj                      584     0         5      
       uart-interrupt.obj             448     0         12     
       adc.obj                        268     0         0      
       cyBot_Scan.obj                 62      0         0      
    +--+------------------------------+-------+---------+---------+
       Total:                         9482    643       193    
                                                               
    C:/ti/TivaWare_C_Series-2.2.0.295/driverlib/ccs/Debug/driverlib.lib
       interrupt.obj                  68      0         620    
       cpu.obj                        12      0         0      
    +--+------------------------------+-------+---------+---------+
       Total:                         80      0         620    
                                                               
    C:\ti\ccs1271\ccs\tools\compiler\ti-cgt-arm_20.2.7.LTS\lib\rtsv7M4_T_le_v4SPD16_eabi.lib
       _printfi.c.obj                 4851    0         0      
       e_pow.c.obj                    2512    48        0      
       k_rem_pio2.c.obj               1848    344       0      
       s_sin.c.obj                    1504    0         0      
       s_cos.c.obj                    1500    0         0      
       s_atan.c.obj                   748     152       0      
       memory.c.obj                   728     0         8      
       e_atan2.c.obj                  484     0         0      
       fd_add_t2.asm.obj              438     0         0      
       k_sin.c.obj                    372     0         0      
       k_cos.c.obj                    368     0         0      
       e_sqrt.c.obj                   344     0         0      
       fd_div_t2.asm.obj              310     0         0      
       s_scalbn.c.obj                 272     0         0      
       fd_cmp_t2.asm.obj              268     0         0      
       ctype.c.obj                    0       257       0      
       fd_mul_t2.asm.obj              252     0         0      
       s_floor.c.obj                  248     0         0      
       memcpy_t2.asm.obj              156     0         0      
       ull_div_t2.asm.obj             150     0         0      
       vsnprintf.c.obj                136     0         0      
       memset_t2.asm.obj              122     0         0      
       fd_tos_t2.asm.obj              110     0         0      
       copy_decompress_lzss.c.obj     104     0         0      
       s_frexp.c.obj                  100     0         0      
       sprintf.c.obj                  98      0         0      
       _ltoa.c.obj                    84      0         0      
       atoi.c.obj                     76      0         0      
       fd_toi_t2.asm.obj              72      0         0      
       autoinit.c.obj                 68      0         0      
       fs_tod_t2.asm.obj              56      0         0      
       boot_cortex_m.c.obj            52      0         0      
       i_tofd_t2.asm.obj              46      0         0      
       copy_zero_init.c.obj           28      0         0      
       memccpy.c.obj                  28      0         0      
       s_copysign.c.obj               26      0         0      
       strcmp.c.obj                   24      0         0      
       strchr.c.obj                   22      0         0      
       strcpy.c.obj                   20      0         0      
       strlen.c.obj                   20      0         0      
       wcslen.c.obj                   18      0         0      
       copy_decompress_none.c.obj     14      0         0      
       errno.c.obj                    8       0         4      
       _lock.c.obj                    2       0         8      
       exit.c.obj                     4       0         0      
       pre_init.c.obj                 4       0         0      
       div0.asm.obj                   2       0         0      
    +--+------------------------------+-------+---------+---------+
       Total:                         18697   801       20     
                                                               
       Heap:                          0       0         4096   
       Stack:                         0       0         4096   
       Linker Generated:              0       105       0      
    +--+------------------------------+-------+---------+---------+
       Grand Total:                   28259   1549      9025   


LINKER GENERATED COPY TABLES

__TI_cinit_table @ 00007470 records: 3, size/record: 8, table size: 24
	.data: load addr=00007418, load size=00000035 bytes, run addr=200022e0, run size=00000065 bytes, compression=lzss
	.bss: load addr=00007460, load size=00000008 bytes, run addr=20002270, run size=00000070 bytes, compression=zero_init
	.vtable: load addr=00007468, load size=00000008 bytes, run addr=20000000, run size=0000026c bytes, compression=zero_init


LINKER GENERATED HANDLER TABLE

__TI_handler_table @ 00007450 records: 3, size/record: 4, table size: 12
	index: 0, handler: __TI_zero_init
	index: 1, handler: __TI_decompress_lzss
	index: 2, handler: __TI_decompress_none


GLOBAL SYMBOLS: SORTED ALPHABETICALLY BY Name 

address   name                          
-------   ----                          
000070d5  C$$EXIT                       
0000709d  CPUcpsie                      
00000bc3  GPIOF_Handler                 
0000706f  IntMasterEnable               
00006e61  IntRegister                   
000070a9  ResetISR                      
00004abb  TIMER3B_Handler               
0000558f  UART1_Handler                 
20001270  __STACK_END                   
00001000  __STACK_SIZE                  
20000470  __STACK_TOP                   
00001000  __SYSMEM_SIZE                 
00007470  __TI_CINIT_Base               
00007488  __TI_CINIT_Limit              
00007450  __TI_Handler_Table_Base       
0000745c  __TI_Handler_Table_Limit      
00006cb1  __TI_auto_init_nobinit_nopinit
00006a55  __TI_decompress_lzss          
0000708f  __TI_decompress_none          
00006b77  __TI_ltoa                     
ffffffff  __TI_pprof_out_hndl           
00000e8d  __TI_printfi                  
ffffffff  __TI_prof_data_size           
ffffffff  __TI_prof_data_start          
00000000  __TI_static_base__            
00006f51  __TI_zero_init_nomemset       
00006781  __aeabi_cdcmpeq               
00006781  __aeabi_cdcmple               
00006807  __aeabi_cdrcmple              
000069e7  __aeabi_d2f                   
00006c69  __aeabi_d2iz                  
00005627  __aeabi_dadd                  
00005d4d  __aeabi_ddiv                  
000062c5  __aeabi_dmul                  
0000561d  __aeabi_dsub                  
000070c1  __aeabi_errno_addr            
00006e29  __aeabi_f2d                   
00006ef9  __aeabi_i2d                   
000057d3  __aeabi_idiv0                 
000057d3  __aeabi_ldiv0                 
0000688d  __aeabi_memclr                
0000688d  __aeabi_memclr4               
0000688d  __aeabi_memclr8               
0000664f  __aeabi_memcpy                
0000664f  __aeabi_memcpy4               
0000664f  __aeabi_memcpy8               
0000688f  __aeabi_memset                
0000688f  __aeabi_memset4               
0000688f  __aeabi_memset8               
000066eb  __aeabi_uldivmod              
ffffffff  __binit__                     
ffffffff  __c_args__                    
00005949  __kernel_cos                  
00002cc1  __kernel_rem_pio2             
000057d5  __kernel_sin                  
UNDEFED   __mpu_init                    
20000270  __stack                       
20000000  __start___llvm_prf_cnts       
20000000  __stop___llvm_prf_cnts        
00006e95  _c_int00_noargs               
00007230  _ctypes_                      
20002330  _lock                         
000018db  _nop                          
20002344  _running                      
20001270  _sys_memory                   
UNDEFED   _system_post_cinit            
000070d1  _system_pre_init              
200022dc  _timeout_ticks                
20002334  _unlock                       
000070d5  abort                         
000060b9  adc_init                      
00006151  adc_read                      
00001efd  addVector                     
000061c5  aligned_alloc                 
00004675  atan                          
000050a9  atan2                         
000050a9  atan2l                        
00004675  atanl                         
00006c1d  atoi                          
ffffffff  binit                         
20002300  calibratedLeft                
20002304  calibratedRight               
00006df1  calloc                        
00002199  checkForCliffs                
20002324  command_byte                  
20002328  command_flag                  
00006fa5  copysign                      
00006fa5  copysignl                     
000039d9  cos                           
000039d9  cosl                          
20002308  currAngle                     
00006dc9  cyBOT_Scan                    
00006db3  cyBOT_init_Scan               
20002340  errno                         
000063c1  floor                         
000063c1  floorl                        
000064b9  free                          
00006abd  frexp                         
00006abd  frexpl                        
20002318  g_end_time                    
20000000  g_pfnRAMVectors               
00000000  g_pfnVectors                  
20002314  g_start_time                  
2000231c  g_state                       
00001e59  getAbsolutePoint              
00001c29  getIRDist                     
0000097f  go_charge                     
0000707f  lcd_clear                     
00004521  lcd_gotoLine                  
00004389  lcd_init                      
00004587  lcd_printf                    
00004449  lcd_putc                      
00004481  lcd_puts                      
0000434d  lcd_reverseNibble             
0000449f  lcd_sendCommand               
000044dd  lcd_sendNibble                
00004549  lcd_setCursorPos              
00005fa9  ldexp                         
00005fa9  ldexpl                        
000018dd  main                          
000070c9  malloc                        
000061c5  memalign                      
00006f89  memccpy                       
0000664f  memcpy                        
00006895  memset                        
200022e0  motor_cal_factor_L            
200022e4  motor_cal_factor_R            
0000026d  oi_alloc                      
00000aa9  oi_checkFirmware              
000002c7  oi_close                      
00000279  oi_free                       
00000ded  oi_getMotorCalibrationLeft    
00000e01  oi_getMotorCalibrationRight   
000002b1  oi_init                       
00000289  oi_init_noupdate              
00000915  oi_loadSong                   
00006fef  oi_parseInt                   
0000032b  oi_parsePacket                
0000096b  oi_play_song                  
0000084b  oi_setLeds                    
00000db1  oi_setMotorCalibration        
0000088f  oi_setWheels                  
00000b51  oi_shutoff_init               
0000098d  oi_uartInit                   
00000a31  oi_uartReceive                
00000a77  oi_uartSendBuff               
00000a15  oi_uartSendChar               
00000a59  oi_uartSendStr                
000002d9  oi_update                     
20002320  overflows                     
00004af3  ping_getDistance              
00004961  ping_init                     
00004a3d  ping_trigger                  
000022f1  pow                           
000022f1  powl                          
2000232c  prev_command_flag             
00005fa9  scalbn                        
00005fa9  scalbnl                       
00001d49  sendIRPoints                  
00001c85  sendScan                      
0000229d  send_string_gui               
00001bcd  send_string_putty             
00004155  servo_calibrate               
00003fb5  servo_init                    
00004057  servo_move                    
0000412d  servo_setPulseLength          
000033f9  sin                           
000033f9  sinl                          
00006cf5  sprintf                       
00005ab9  sqrt                          
00005ab9  sqrtl                         
0000701f  strchr                        
00007007  strcmp                        
00007035  strcpy                        
00007049  strlen                        
20002310  timeBias                      
2000230c  timeMult                      
00004f7f  timer_getMicros               
00004f27  timer_getMillis               
00004e61  timer_init                    
00004f03  timer_pause                   
00004f15  timer_resume                  
00004ed9  timer_stop                    
00004fd9  timer_waitMicros              
0000500b  timer_waitMillis              
00001fb9  toCart                        
000020c9  toPolar                       
0000545d  uart_interrupt_init           
0000553f  uart_receive                  
00005565  uart_receivenb                
00005523  uart_sendChar                 
00006d35  vsnprintf                     
0000705d  wcslen                        


GLOBAL SYMBOLS: SORTED BY Symbol Address 

address   name                          
-------   ----                          
00000000  __TI_static_base__            
00000000  g_pfnVectors                  
0000026d  oi_alloc                      
00000279  oi_free                       
00000289  oi_init_noupdate              
000002b1  oi_init                       
000002c7  oi_close                      
000002d9  oi_update                     
0000032b  oi_parsePacket                
0000084b  oi_setLeds                    
0000088f  oi_setWheels                  
00000915  oi_loadSong                   
0000096b  oi_play_song                  
0000097f  go_charge                     
0000098d  oi_uartInit                   
00000a15  oi_uartSendChar               
00000a31  oi_uartReceive                
00000a59  oi_uartSendStr                
00000a77  oi_uartSendBuff               
00000aa9  oi_checkFirmware              
00000b51  oi_shutoff_init               
00000bc3  GPIOF_Handler                 
00000db1  oi_setMotorCalibration        
00000ded  oi_getMotorCalibrationLeft    
00000e01  oi_getMotorCalibrationRight   
00000e8d  __TI_printfi                  
00001000  __STACK_SIZE                  
00001000  __SYSMEM_SIZE                 
000018db  _nop                          
000018dd  main                          
00001bcd  send_string_putty             
00001c29  getIRDist                     
00001c85  sendScan                      
00001d49  sendIRPoints                  
00001e59  getAbsolutePoint              
00001efd  addVector                     
00001fb9  toCart                        
000020c9  toPolar                       
00002199  checkForCliffs                
0000229d  send_string_gui               
000022f1  pow                           
000022f1  powl                          
00002cc1  __kernel_rem_pio2             
000033f9  sin                           
000033f9  sinl                          
000039d9  cos                           
000039d9  cosl                          
00003fb5  servo_init                    
00004057  servo_move                    
0000412d  servo_setPulseLength          
00004155  servo_calibrate               
0000434d  lcd_reverseNibble             
00004389  lcd_init                      
00004449  lcd_putc                      
00004481  lcd_puts                      
0000449f  lcd_sendCommand               
000044dd  lcd_sendNibble                
00004521  lcd_gotoLine                  
00004549  lcd_setCursorPos              
00004587  lcd_printf                    
00004675  atan                          
00004675  atanl                         
00004961  ping_init                     
00004a3d  ping_trigger                  
00004abb  TIMER3B_Handler               
00004af3  ping_getDistance              
00004e61  timer_init                    
00004ed9  timer_stop                    
00004f03  timer_pause                   
00004f15  timer_resume                  
00004f27  timer_getMillis               
00004f7f  timer_getMicros               
00004fd9  timer_waitMicros              
0000500b  timer_waitMillis              
000050a9  atan2                         
000050a9  atan2l                        
0000545d  uart_interrupt_init           
00005523  uart_sendChar                 
0000553f  uart_receive                  
00005565  uart_receivenb                
0000558f  UART1_Handler                 
0000561d  __aeabi_dsub                  
00005627  __aeabi_dadd                  
000057d3  __aeabi_idiv0                 
000057d3  __aeabi_ldiv0                 
000057d5  __kernel_sin                  
00005949  __kernel_cos                  
00005ab9  sqrt                          
00005ab9  sqrtl                         
00005d4d  __aeabi_ddiv                  
00005fa9  ldexp                         
00005fa9  ldexpl                        
00005fa9  scalbn                        
00005fa9  scalbnl                       
000060b9  adc_init                      
00006151  adc_read                      
000061c5  aligned_alloc                 
000061c5  memalign                      
000062c5  __aeabi_dmul                  
000063c1  floor                         
000063c1  floorl                        
000064b9  free                          
0000664f  __aeabi_memcpy                
0000664f  __aeabi_memcpy4               
0000664f  __aeabi_memcpy8               
0000664f  memcpy                        
000066eb  __aeabi_uldivmod              
00006781  __aeabi_cdcmpeq               
00006781  __aeabi_cdcmple               
00006807  __aeabi_cdrcmple              
0000688d  __aeabi_memclr                
0000688d  __aeabi_memclr4               
0000688d  __aeabi_memclr8               
0000688f  __aeabi_memset                
0000688f  __aeabi_memset4               
0000688f  __aeabi_memset8               
00006895  memset                        
000069e7  __aeabi_d2f                   
00006a55  __TI_decompress_lzss          
00006abd  frexp                         
00006abd  frexpl                        
00006b77  __TI_ltoa                     
00006c1d  atoi                          
00006c69  __aeabi_d2iz                  
00006cb1  __TI_auto_init_nobinit_nopinit
00006cf5  sprintf                       
00006d35  vsnprintf                     
00006db3  cyBOT_init_Scan               
00006dc9  cyBOT_Scan                    
00006df1  calloc                        
00006e29  __aeabi_f2d                   
00006e61  IntRegister                   
00006e95  _c_int00_noargs               
00006ef9  __aeabi_i2d                   
00006f51  __TI_zero_init_nomemset       
00006f89  memccpy                       
00006fa5  copysign                      
00006fa5  copysignl                     
00006fef  oi_parseInt                   
00007007  strcmp                        
0000701f  strchr                        
00007035  strcpy                        
00007049  strlen                        
0000705d  wcslen                        
0000706f  IntMasterEnable               
0000707f  lcd_clear                     
0000708f  __TI_decompress_none          
0000709d  CPUcpsie                      
000070a9  ResetISR                      
000070c1  __aeabi_errno_addr            
000070c9  malloc                        
000070d1  _system_pre_init              
000070d5  C$$EXIT                       
000070d5  abort                         
00007230  _ctypes_                      
00007450  __TI_Handler_Table_Base       
0000745c  __TI_Handler_Table_Limit      
00007470  __TI_CINIT_Base               
00007488  __TI_CINIT_Limit              
20000000  __start___llvm_prf_cnts       
20000000  __stop___llvm_prf_cnts        
20000000  g_pfnRAMVectors               
20000270  __stack                       
20000470  __STACK_TOP                   
20001270  __STACK_END                   
20001270  _sys_memory                   
200022dc  _timeout_ticks                
200022e0  motor_cal_factor_L            
200022e4  motor_cal_factor_R            
20002300  calibratedLeft                
20002304  calibratedRight               
20002308  currAngle                     
2000230c  timeMult                      
20002310  timeBias                      
20002314  g_start_time                  
20002318  g_end_time                    
2000231c  g_state                       
20002320  overflows                     
20002324  command_byte                  
20002328  command_flag                  
2000232c  prev_command_flag             
20002330  _lock                         
20002334  _unlock                       
20002340  errno                         
20002344  _running                      
ffffffff  __TI_pprof_out_hndl           
ffffffff  __TI_prof_data_size           
ffffffff  __TI_prof_data_start          
ffffffff  __binit__                     
ffffffff  __c_args__                    
ffffffff  binit                         
UNDEFED   __mpu_init                    
UNDEFED   _system_post_cinit            

[193 symbols]
