******************************************************************************
                  TI ARM Linker PC v20.2.7                     
******************************************************************************
>> Linked Fri May  2 10:47:23 2025

OUTPUT FILE NAME:   <FinalProject.out>
ENTRY POINT SYMBOL: "_c_int00_noargs"  address: 00006f15


MEMORY CONFIGURATION

         name            origin    length      used     unused   attr    fill
----------------------  --------  ---------  --------  --------  ----  --------
  FLASH                 00000000   00040000  00007503  00038afd  R  X
  SRAM                  20000000   00008000  00002341  00005cbf  RW X


SEGMENT ALLOCATION MAP

run origin  load origin   length   init length attrs members
----------  ----------- ---------- ----------- ----- -------
00000000    00000000    00007508   00007508    r-x
  00000000    00000000    0000026c   0000026c    r-- .intvecs
  0000026c    0000026c    00006eec   00006eec    r-x .text
  00007158    00007158    0000033b   0000033b    r-- .const
  00007498    00007498    00000070   00000070    r-- .cinit
20000000    20000000    00002345   00000000    rw-
  20000000    20000000    0000026c   00000000    rw- .vtable
  20000270    20000270    00001000   00000000    rw- .stack
  20001270    20001270    00001000   00000000    rw- .sysmem
  20002270    20002270    00000070   00000000    rw- .bss
  200022e0    200022e0    00000065   00000000    rw- .data


SECTION ALLOCATION MAP

 output                                  attributes/
section   page    origin      length       input sections
--------  ----  ----------  ----------   ----------------
.intvecs   0    00000000    0000026c     
                  00000000    0000026c     tm4c123gh6pm_startup_ccs.obj (.intvecs)

.text      0    0000026c    00006eec     
                  0000026c    00000c20     open_interface.obj (.text)
                  00000e8c    00000a94     main.obj (.text)
                  00001920    00000a4e     rtsv7M4_T_le_v4SPD16_eabi.lib : _printfi.c.obj (.text:__TI_printfi)
                  0000236e    00000002                                   : _lock.c.obj (.text:_nop)
                  00002370    000009d0                                   : e_pow.c.obj (.text:pow)
                  00002d40    00000738                                   : k_rem_pio2.c.obj (.text:__kernel_rem_pio2)
                  00003478    000005e0                                   : s_sin.c.obj (.text:sin)
                  00003a58    000005dc                                   : s_cos.c.obj (.text:cos)
                  00004034    00000398     servo.obj (.text)
                  000043cc    00000328     lcd.obj (.text)
                  000046f4    000002ec     rtsv7M4_T_le_v4SPD16_eabi.lib : s_atan.c.obj (.text:atan)
                  000049e0    00000290     ping.obj (.text)
                  00004c70    00000270     rtsv7M4_T_le_v4SPD16_eabi.lib : _printfi.c.obj (.text:_pconv_a)
                  00004ee0    00000248     Timer.obj (.text)
                  00005128    000001e4     rtsv7M4_T_le_v4SPD16_eabi.lib : e_atan2.c.obj (.text:atan2)
                  0000530c    000001d0                                   : _printfi.c.obj (.text:_pconv_g)
                  000054dc    000001c0     uart-interrupt.obj (.text)
                  0000569c    000001b6     rtsv7M4_T_le_v4SPD16_eabi.lib : fd_add_t2.asm.obj (.text)
                  00005852    00000002                                   : div0.asm.obj (.text)
                  00005854    00000174                                   : k_sin.c.obj (.text:__kernel_sin)
                  000059c8    00000170                                   : k_cos.c.obj (.text:__kernel_cos)
                  00005b38    00000158                                   : e_sqrt.c.obj (.text:sqrt)
                  00005c90    0000013c                                   : _printfi.c.obj (.text:_pconv_e)
                  00005dcc    00000136                                   : fd_div_t2.asm.obj (.text)
                  00005f02    00000002     --HOLE-- [fill = 0]
                  00005f04    00000124                                   : _printfi.c.obj (.text:fcvt)
                  00006028    00000110                                   : s_scalbn.c.obj (.text:scalbn)
                  00006138    0000010c     adc.obj (.text)
                  00006244    00000100     rtsv7M4_T_le_v4SPD16_eabi.lib : memory.c.obj (.text:aligned_alloc)
                  00006344    000000fc                                   : fd_mul_t2.asm.obj (.text)
                  00006440    000000f8                                   : s_floor.c.obj (.text:floor)
                  00006538    000000e4                                   : memory.c.obj (.text:free)
                  0000661c    000000b1                                   : _printfi.c.obj (.text:_ltostr)
                  000066cd    00000001     --HOLE-- [fill = 0]
                  000066ce    0000009c                                   : memcpy_t2.asm.obj (.text)
                  0000676a    00000096                                   : ull_div_t2.asm.obj (.text)
                  00006800    00000086                                   : fd_cmp_t2.asm.obj (.text:__aeabi_cdcmple)
                  00006886    00000086                                   : fd_cmp_t2.asm.obj (.text:__aeabi_cdrcmple)
                  0000690c    0000007a                                   : memset_t2.asm.obj (.text)
                  00006986    00000002     --HOLE-- [fill = 0]
                  00006988    00000070                                   : memory.c.obj (.text:split)
                  000069f8    0000006e                                   : _printfi.c.obj (.text:_mcpy)
                  00006a66    0000006e                                   : fd_tos_t2.asm.obj (.text)
                  00006ad4    00000068                                   : copy_decompress_lzss.c.obj (.text:decompress:lzss:__TI_decompress_lzss)
                  00006b3c    00000064                                   : s_frexp.c.obj (.text:frexp)
                  00006ba0    00000056                                   : _printfi.c.obj (.text:_pconv_f)
                  00006bf6    00000054                                   : _ltoa.c.obj (.text:__TI_ltoa)
                  00006c4a    00000052                                   : _printfi.c.obj (.text:_ecpy)
                  00006c9c    0000004c                                   : atoi.c.obj (.text:atoi)
                  00006ce8    00000048                                   : fd_toi_t2.asm.obj (.text)
                  00006d30    00000044                                   : autoinit.c.obj (.text:__TI_auto_init_nobinit_nopinit:__TI_auto_init_nobinit_nopinit)
                  00006d74    00000040                                   : sprintf.c.obj (.text:sprintf)
                  00006db4    00000040                                   : vsnprintf.c.obj (.text:vsnprintf)
                  00006df4    0000003e                                   : _printfi.c.obj (.text:_fcpy)
                  00006e32    0000003e     cyBot_Scan.obj (.text)
                  00006e70    00000038     rtsv7M4_T_le_v4SPD16_eabi.lib : memory.c.obj (.text:calloc)
                  00006ea8    00000038                                   : fs_tod_t2.asm.obj (.text)
                  00006ee0    00000034     driverlib.lib : interrupt.obj (.text:IntRegister)
                  00006f14    00000034     rtsv7M4_T_le_v4SPD16_eabi.lib : boot_cortex_m.c.obj (.text:_c_int00_noargs:_c_int00_noargs)
                  00006f48    00000030                                   : vsnprintf.c.obj (.text:_outs)
                  00006f78    0000002e                                   : i_tofd_t2.asm.obj (.text)
                  00006fa6    00000002     --HOLE-- [fill = 0]
                  00006fa8    00000028                                   : memory.c.obj (.text:free_list_insert)
                  00006fd0    0000001c                                   : copy_zero_init.c.obj (.text:decompress:ZI:__TI_zero_init_nomemset:__TI_zero_init_nomemset)
                  00006fec    0000001c                                   : memory.c.obj (.text:free_list_remove)
                  00007008    0000001c                                   : memccpy.c.obj (.text:memccpy)
                  00007024    0000001a                                   : s_copysign.c.obj (.text:copysign)
                  0000703e    00000018                                   : vsnprintf.c.obj (.text:_outc)
                  00007056    00000018                                   : sprintf.c.obj (.text:_outs)
                  0000706e    00000018     open_interface.obj (.text:oi_parseInt)
                  00007086    00000018     rtsv7M4_T_le_v4SPD16_eabi.lib : strcmp.c.obj (.text:strcmp)
                  0000709e    00000016                                   : strchr.c.obj (.text:strchr)
                  000070b4    00000014                                   : strcpy.c.obj (.text:strcpy)
                  000070c8    00000014                                   : strlen.c.obj (.text:strlen)
                  000070dc    00000012                                   : wcslen.c.obj (.text:wcslen)
                  000070ee    00000010     driverlib.lib : interrupt.obj (.text:IntMasterEnable)
                  000070fe    00000010     lcd.obj (.text:lcd_clear)
                  0000710e    0000000e     rtsv7M4_T_le_v4SPD16_eabi.lib : copy_decompress_none.c.obj (.text:decompress:none:__TI_decompress_none)
                  0000711c    0000000c     driverlib.lib : cpu.obj (.text:CPUcpsie)
                  00007128    0000000c     tm4c123gh6pm_startup_ccs.obj (.text)
                  00007134    0000000a     rtsv7M4_T_le_v4SPD16_eabi.lib : sprintf.c.obj (.text:_outc)
                  0000713e    00000002     --HOLE-- [fill = 0]
                  00007140    00000008                                   : errno.c.obj (.text:__aeabi_errno_addr)
                  00007148    00000008                                   : memory.c.obj (.text:malloc)
                  00007150    00000004                                   : pre_init.c.obj (.text:_system_pre_init)
                  00007154    00000004                                   : exit.c.obj (.text:abort:abort)

.const     0    00007158    0000033b     
                  00007158    00000158     rtsv7M4_T_le_v4SPD16_eabi.lib : k_rem_pio2.c.obj (.const:$O1$$)
                  000072b0    00000101                                   : ctype.c.obj (.const:.string:_ctypes_)
                  000073b1    00000004     lcd.obj (.const:.string:lineAddress$1)
                  000073b5    00000003     --HOLE-- [fill = 0]
                  000073b8    00000098     rtsv7M4_T_le_v4SPD16_eabi.lib : s_atan.c.obj (.const:$O1$$)
                  00007450    00000030                                   : e_pow.c.obj (.const:$O1$$)
                  00007480    0000000f     open_interface.obj (.const:.string:$P$T0$3)
                  0000748f    00000004     lcd.obj (.const:.string:lineAddresses$2)

.cinit     0    00007498    00000070     
                  00007498    00000035     (.cinit..data.load) [load image, compression = lzss]
                  000074cd    00000003     --HOLE-- [fill = 0]
                  000074d0    0000000c     (__TI_handler_table)
                  000074dc    00000004     --HOLE-- [fill = 0]
                  000074e0    00000008     (.cinit..bss.load) [load image, compression = zero_init]
                  000074e8    00000008     (.cinit..vtable.load) [load image, compression = zero_init]
                  000074f0    00000018     (__TI_cinit_table)

.init_array 
*          0    00000000    00000000     UNINITIALIZED

.vtable    0    20000000    0000026c     UNINITIALIZED
                  20000000    0000026c     driverlib.lib : interrupt.obj (.vtable)

.stack     0    20000270    00001000     UNINITIALIZED
                  20000270    00000004     rtsv7M4_T_le_v4SPD16_eabi.lib : boot_cortex_m.c.obj (.stack)
                  20000274    00000ffc     --HOLE--

.sysmem    0    20001270    00001000     UNINITIALIZED
                  20001270    00000010     rtsv7M4_T_le_v4SPD16_eabi.lib : memory.c.obj (.sysmem)
                  20001280    00000ff0     --HOLE--

.bss       0    20002270    00000070     UNINITIALIZED
                  20002270    00000054     lcd.obj (.bss:lastbuffer$3)
                  200022c4    00000018     open_interface.obj (.bss:firmware$2)
                  200022dc    00000004     (.common:_timeout_ticks)

.data      0    200022e0    00000065     UNINITIALIZED
                  200022e0    00000020     open_interface.obj (.data)
                  20002300    00000014     servo.obj (.data)
                  20002314    00000010     ping.obj (.data)
                  20002324    0000000c     uart-interrupt.obj (.data)
                  20002330    00000008     rtsv7M4_T_le_v4SPD16_eabi.lib : _lock.c.obj (.data:$O1$$)
                  20002338    00000008                                   : memory.c.obj (.data:$O1$$)
                  20002340    00000004                                   : errno.c.obj (.data)
                  20002344    00000001     Timer.obj (.data)

__llvm_prf_cnts 
*          0    20000000    00000000     UNINITIALIZED

MODULE SUMMARY

       Module                         code    ro data   rw data
       ------                         ----    -------   -------
    .\
       open_interface.obj             3128    15        56     
       main.obj                       2708    0         0      
       servo.obj                      920     0         20     
       lcd.obj                        824     8         84     
       ping.obj                       656     0         16     
       tm4c123gh6pm_startup_ccs.obj   12      620       0      
       Timer.obj                      584     0         5      
       uart-interrupt.obj             448     0         12     
       adc.obj                        268     0         0      
       cyBot_Scan.obj                 62      0         0      
    +--+------------------------------+-------+---------+---------+
       Total:                         9610    643       193    
                                                               
    C:/ti/TivaWare_C_Series-2.2.0.295/driverlib/ccs/Debug/driverlib.lib
       interrupt.obj                  68      0         620    
       cpu.obj                        12      0         0      
    +--+------------------------------+-------+---------+---------+
       Total:                         80      0         620    
                                                               
    C:\ti\ccs1271\ccs\tools\compiler\ti-cgt-arm_20.2.7.LTS\lib\rtsv7M4_T_le_v4SPD16_eabi.lib
       _printfi.c.obj                 4851    0         0      
       e_pow.c.obj                    2512    48        0      
       k_rem_pio2.c.obj               1848    344       0      
       s_sin.c.obj                    1504    0         0      
       s_cos.c.obj                    1500    0         0      
       s_atan.c.obj                   748     152       0      
       memory.c.obj                   728     0         8      
       e_atan2.c.obj                  484     0         0      
       fd_add_t2.asm.obj              438     0         0      
       k_sin.c.obj                    372     0         0      
       k_cos.c.obj                    368     0         0      
       e_sqrt.c.obj                   344     0         0      
       fd_div_t2.asm.obj              310     0         0      
       s_scalbn.c.obj                 272     0         0      
       fd_cmp_t2.asm.obj              268     0         0      
       ctype.c.obj                    0       257       0      
       fd_mul_t2.asm.obj              252     0         0      
       s_floor.c.obj                  248     0         0      
       memcpy_t2.asm.obj              156     0         0      
       ull_div_t2.asm.obj             150     0         0      
       vsnprintf.c.obj                136     0         0      
       memset_t2.asm.obj              122     0         0      
       fd_tos_t2.asm.obj              110     0         0      
       copy_decompress_lzss.c.obj     104     0         0      
       s_frexp.c.obj                  100     0         0      
       sprintf.c.obj                  98      0         0      
       _ltoa.c.obj                    84      0         0      
       atoi.c.obj                     76      0         0      
       fd_toi_t2.asm.obj              72      0         0      
       autoinit.c.obj                 68      0         0      
       fs_tod_t2.asm.obj              56      0         0      
       boot_cortex_m.c.obj            52      0         0      
       i_tofd_t2.asm.obj              46      0         0      
       copy_zero_init.c.obj           28      0         0      
       memccpy.c.obj                  28      0         0      
       s_copysign.c.obj               26      0         0      
       strcmp.c.obj                   24      0         0      
       strchr.c.obj                   22      0         0      
       strcpy.c.obj                   20      0         0      
       strlen.c.obj                   20      0         0      
       wcslen.c.obj                   18      0         0      
       copy_decompress_none.c.obj     14      0         0      
       errno.c.obj                    8       0         4      
       _lock.c.obj                    2       0         8      
       exit.c.obj                     4       0         0      
       pre_init.c.obj                 4       0         0      
       div0.asm.obj                   2       0         0      
    +--+------------------------------+-------+---------+---------+
       Total:                         18697   801       20     
                                                               
       Heap:                          0       0         4096   
       Stack:                         0       0         4096   
       Linker Generated:              0       105       0      
    +--+------------------------------+-------+---------+---------+
       Grand Total:                   28387   1549      9025   


LINKER GENERATED COPY TABLES

__TI_cinit_table @ 000074f0 records: 3, size/record: 8, table size: 24
	.data: load addr=00007498, load size=00000035 bytes, run addr=200022e0, run size=00000065 bytes, compression=lzss
	.bss: load addr=000074e0, load size=00000008 bytes, run addr=20002270, run size=00000070 bytes, compression=zero_init
	.vtable: load addr=000074e8, load size=00000008 bytes, run addr=20000000, run size=0000026c bytes, compression=zero_init


LINKER GENERATED HANDLER TABLE

__TI_handler_table @ 000074d0 records: 3, size/record: 4, table size: 12
	index: 0, handler: __TI_zero_init
	index: 1, handler: __TI_decompress_lzss
	index: 2, handler: __TI_decompress_none


GLOBAL SYMBOLS: SORTED ALPHABETICALLY BY Name 

address   name                          
-------   ----                          
00007155  C$$EXIT                       
0000711d  CPUcpsie                      
00000bc3  GPIOF_Handler                 
000070ef  IntMasterEnable               
00006ee1  IntRegister                   
00007129  ResetISR                      
00004b3b  TIMER3B_Handler               
0000560f  UART1_Handler                 
20001270  __STACK_END                   
00001000  __STACK_SIZE                  
20000470  __STACK_TOP                   
00001000  __SYSMEM_SIZE                 
000074f0  __TI_CINIT_Base               
00007508  __TI_CINIT_Limit              
000074d0  __TI_Handler_Table_Base       
000074dc  __TI_Handler_Table_Limit      
00006d31  __TI_auto_init_nobinit_nopinit
00006ad5  __TI_decompress_lzss          
0000710f  __TI_decompress_none          
00006bf7  __TI_ltoa                     
ffffffff  __TI_pprof_out_hndl           
00001921  __TI_printfi                  
ffffffff  __TI_prof_data_size           
ffffffff  __TI_prof_data_start          
00000000  __TI_static_base__            
00006fd1  __TI_zero_init_nomemset       
00006801  __aeabi_cdcmpeq               
00006801  __aeabi_cdcmple               
00006887  __aeabi_cdrcmple              
00006a67  __aeabi_d2f                   
00006ce9  __aeabi_d2iz                  
000056a7  __aeabi_dadd                  
00005dcd  __aeabi_ddiv                  
00006345  __aeabi_dmul                  
0000569d  __aeabi_dsub                  
00007141  __aeabi_errno_addr            
00006ea9  __aeabi_f2d                   
00006f79  __aeabi_i2d                   
00005853  __aeabi_idiv0                 
00005853  __aeabi_ldiv0                 
0000690d  __aeabi_memclr                
0000690d  __aeabi_memclr4               
0000690d  __aeabi_memclr8               
000066cf  __aeabi_memcpy                
000066cf  __aeabi_memcpy4               
000066cf  __aeabi_memcpy8               
0000690f  __aeabi_memset                
0000690f  __aeabi_memset4               
0000690f  __aeabi_memset8               
0000676b  __aeabi_uldivmod              
ffffffff  __binit__                     
ffffffff  __c_args__                    
000059c9  __kernel_cos                  
00002d41  __kernel_rem_pio2             
00005855  __kernel_sin                  
UNDEFED   __mpu_init                    
20000270  __stack                       
20000000  __start___llvm_prf_cnts       
20000000  __stop___llvm_prf_cnts        
00006f15  _c_int00_noargs               
000072b0  _ctypes_                      
20002330  _lock                         
0000236f  _nop                          
20002344  _running                      
20001270  _sys_memory                   
UNDEFED   _system_post_cinit            
00007151  _system_pre_init              
200022dc  _timeout_ticks                
20002334  _unlock                       
00007155  abort                         
00006139  adc_init                      
000061d1  adc_read                      
0000152d  addVector                     
00006245  aligned_alloc                 
000046f5  atan                          
00005129  atan2                         
00005129  atan2l                        
000046f5  atanl                         
00006c9d  atoi                          
ffffffff  binit                         
20002300  calibratedLeft                
20002304  calibratedRight               
00006e71  calloc                        
000017c9  checkForCliffs                
20002324  command_byte                  
20002328  command_flag                  
00007025  copysign                      
00007025  copysignl                     
00003a59  cos                           
00003a59  cosl                          
20002308  currAngle                     
00006e49  cyBOT_Scan                    
00006e33  cyBOT_init_Scan               
20002340  errno                         
00006441  floor                         
00006441  floorl                        
00006539  free                          
00006b3d  frexp                         
00006b3d  frexpl                        
20002318  g_end_time                    
20000000  g_pfnRAMVectors               
00000000  g_pfnVectors                  
20002314  g_start_time                  
2000231c  g_state                       
0000148d  getAbsolutePoint              
00001231  getIRDist                     
0000097f  go_charge                     
000070ff  lcd_clear                     
000045a1  lcd_gotoLine                  
00004409  lcd_init                      
00004607  lcd_printf                    
000044c9  lcd_putc                      
00004501  lcd_puts                      
000043cd  lcd_reverseNibble             
0000451f  lcd_sendCommand               
0000455d  lcd_sendNibble                
000045c9  lcd_setCursorPos              
00006029  ldexp                         
00006029  ldexpl                        
00000e8d  main                          
00007149  malloc                        
00006245  memalign                      
00007009  memccpy                       
000066cf  memcpy                        
00006915  memset                        
200022e0  motor_cal_factor_L            
200022e4  motor_cal_factor_R            
0000026d  oi_alloc                      
00000aa9  oi_checkFirmware              
000002c7  oi_close                      
00000279  oi_free                       
00000ded  oi_getMotorCalibrationLeft    
00000e01  oi_getMotorCalibrationRight   
000002b1  oi_init                       
00000289  oi_init_noupdate              
00000915  oi_loadSong                   
0000706f  oi_parseInt                   
0000032b  oi_parsePacket                
0000096b  oi_play_song                  
0000084b  oi_setLeds                    
00000db1  oi_setMotorCalibration        
0000088f  oi_setWheels                  
00000b51  oi_shutoff_init               
0000098d  oi_uartInit                   
00000a31  oi_uartReceive                
00000a77  oi_uartSendBuff               
00000a15  oi_uartSendChar               
00000a59  oi_uartSendStr                
000002d9  oi_update                     
20002320  overflows                     
00004b73  ping_getDistance              
000049e1  ping_init                     
00004abd  ping_trigger                  
00002371  pow                           
00002371  powl                          
2000232c  prev_command_flag             
00006029  scalbn                        
00006029  scalbnl                       
00001369  sendIRPoints                  
0000128d  sendScan                      
000018cd  send_string_gui               
00001201  send_string_putty             
000041d5  servo_calibrate               
00004035  servo_init                    
000040d7  servo_move                    
000041ad  servo_setPulseLength          
00003479  sin                           
00003479  sinl                          
00006d75  sprintf                       
00005b39  sqrt                          
00005b39  sqrtl                         
0000709f  strchr                        
00007087  strcmp                        
000070b5  strcpy                        
000070c9  strlen                        
20002310  timeBias                      
2000230c  timeMult                      
00004fff  timer_getMicros               
00004fa7  timer_getMillis               
00004ee1  timer_init                    
00004f83  timer_pause                   
00004f95  timer_resume                  
00004f59  timer_stop                    
00005059  timer_waitMicros              
0000508b  timer_waitMillis              
000015f1  toCart                        
000016f9  toPolar                       
000054dd  uart_interrupt_init           
000055bf  uart_receive                  
000055e5  uart_receivenb                
000055a3  uart_sendChar                 
00006db5  vsnprintf                     
000070dd  wcslen                        


GLOBAL SYMBOLS: SORTED BY Symbol Address 

address   name                          
-------   ----                          
00000000  __TI_static_base__            
00000000  g_pfnVectors                  
0000026d  oi_alloc                      
00000279  oi_free                       
00000289  oi_init_noupdate              
000002b1  oi_init                       
000002c7  oi_close                      
000002d9  oi_update                     
0000032b  oi_parsePacket                
0000084b  oi_setLeds                    
0000088f  oi_setWheels                  
00000915  oi_loadSong                   
0000096b  oi_play_song                  
0000097f  go_charge                     
0000098d  oi_uartInit                   
00000a15  oi_uartSendChar               
00000a31  oi_uartReceive                
00000a59  oi_uartSendStr                
00000a77  oi_uartSendBuff               
00000aa9  oi_checkFirmware              
00000b51  oi_shutoff_init               
00000bc3  GPIOF_Handler                 
00000db1  oi_setMotorCalibration        
00000ded  oi_getMotorCalibrationLeft    
00000e01  oi_getMotorCalibrationRight   
00000e8d  main                          
00001000  __STACK_SIZE                  
00001000  __SYSMEM_SIZE                 
00001201  send_string_putty             
00001231  getIRDist                     
0000128d  sendScan                      
00001369  sendIRPoints                  
0000148d  getAbsolutePoint              
0000152d  addVector                     
000015f1  toCart                        
000016f9  toPolar                       
000017c9  checkForCliffs                
000018cd  send_string_gui               
00001921  __TI_printfi                  
0000236f  _nop                          
00002371  pow                           
00002371  powl                          
00002d41  __kernel_rem_pio2             
00003479  sin                           
00003479  sinl                          
00003a59  cos                           
00003a59  cosl                          
00004035  servo_init                    
000040d7  servo_move                    
000041ad  servo_setPulseLength          
000041d5  servo_calibrate               
000043cd  lcd_reverseNibble             
00004409  lcd_init                      
000044c9  lcd_putc                      
00004501  lcd_puts                      
0000451f  lcd_sendCommand               
0000455d  lcd_sendNibble                
000045a1  lcd_gotoLine                  
000045c9  lcd_setCursorPos              
00004607  lcd_printf                    
000046f5  atan                          
000046f5  atanl                         
000049e1  ping_init                     
00004abd  ping_trigger                  
00004b3b  TIMER3B_Handler               
00004b73  ping_getDistance              
00004ee1  timer_init                    
00004f59  timer_stop                    
00004f83  timer_pause                   
00004f95  timer_resume                  
00004fa7  timer_getMillis               
00004fff  timer_getMicros               
00005059  timer_waitMicros              
0000508b  timer_waitMillis              
00005129  atan2                         
00005129  atan2l                        
000054dd  uart_interrupt_init           
000055a3  uart_sendChar                 
000055bf  uart_receive                  
000055e5  uart_receivenb                
0000560f  UART1_Handler                 
0000569d  __aeabi_dsub                  
000056a7  __aeabi_dadd                  
00005853  __aeabi_idiv0                 
00005853  __aeabi_ldiv0                 
00005855  __kernel_sin                  
000059c9  __kernel_cos                  
00005b39  sqrt                          
00005b39  sqrtl                         
00005dcd  __aeabi_ddiv                  
00006029  ldexp                         
00006029  ldexpl                        
00006029  scalbn                        
00006029  scalbnl                       
00006139  adc_init                      
000061d1  adc_read                      
00006245  aligned_alloc                 
00006245  memalign                      
00006345  __aeabi_dmul                  
00006441  floor                         
00006441  floorl                        
00006539  free                          
000066cf  __aeabi_memcpy                
000066cf  __aeabi_memcpy4               
000066cf  __aeabi_memcpy8               
000066cf  memcpy                        
0000676b  __aeabi_uldivmod              
00006801  __aeabi_cdcmpeq               
00006801  __aeabi_cdcmple               
00006887  __aeabi_cdrcmple              
0000690d  __aeabi_memclr                
0000690d  __aeabi_memclr4               
0000690d  __aeabi_memclr8               
0000690f  __aeabi_memset                
0000690f  __aeabi_memset4               
0000690f  __aeabi_memset8               
00006915  memset                        
00006a67  __aeabi_d2f                   
00006ad5  __TI_decompress_lzss          
00006b3d  frexp                         
00006b3d  frexpl                        
00006bf7  __TI_ltoa                     
00006c9d  atoi                          
00006ce9  __aeabi_d2iz                  
00006d31  __TI_auto_init_nobinit_nopinit
00006d75  sprintf                       
00006db5  vsnprintf                     
00006e33  cyBOT_init_Scan               
00006e49  cyBOT_Scan                    
00006e71  calloc                        
00006ea9  __aeabi_f2d                   
00006ee1  IntRegister                   
00006f15  _c_int00_noargs               
00006f79  __aeabi_i2d                   
00006fd1  __TI_zero_init_nomemset       
00007009  memccpy                       
00007025  copysign                      
00007025  copysignl                     
0000706f  oi_parseInt                   
00007087  strcmp                        
0000709f  strchr                        
000070b5  strcpy                        
000070c9  strlen                        
000070dd  wcslen                        
000070ef  IntMasterEnable               
000070ff  lcd_clear                     
0000710f  __TI_decompress_none          
0000711d  CPUcpsie                      
00007129  ResetISR                      
00007141  __aeabi_errno_addr            
00007149  malloc                        
00007151  _system_pre_init              
00007155  C$$EXIT                       
00007155  abort                         
000072b0  _ctypes_                      
000074d0  __TI_Handler_Table_Base       
000074dc  __TI_Handler_Table_Limit      
000074f0  __TI_CINIT_Base               
00007508  __TI_CINIT_Limit              
20000000  __start___llvm_prf_cnts       
20000000  __stop___llvm_prf_cnts        
20000000  g_pfnRAMVectors               
20000270  __stack                       
20000470  __STACK_TOP                   
20001270  __STACK_END                   
20001270  _sys_memory                   
200022dc  _timeout_ticks                
200022e0  motor_cal_factor_L            
200022e4  motor_cal_factor_R            
20002300  calibratedLeft                
20002304  calibratedRight               
20002308  currAngle                     
2000230c  timeMult                      
20002310  timeBias                      
20002314  g_start_time                  
20002318  g_end_time                    
2000231c  g_state                       
20002320  overflows                     
20002324  command_byte                  
20002328  command_flag                  
2000232c  prev_command_flag             
20002330  _lock                         
20002334  _unlock                       
20002340  errno                         
20002344  _running                      
ffffffff  __TI_pprof_out_hndl           
ffffffff  __TI_prof_data_size           
ffffffff  __TI_prof_data_start          
ffffffff  __binit__                     
ffffffff  __c_args__                    
ffffffff  binit                         
UNDEFED   __mpu_init                    
UNDEFED   _system_post_cinit            

[193 symbols]
