******************************************************************************
                  TI ARM Linker PC v20.2.7                     
******************************************************************************
>> Linked Fri Feb 28 14:48:02 2025

OUTPUT FILE NAME:   <Lab3.out>
ENTRY POINT SYMBOL: "_c_int00_noargs"  address: 000037c1


MEMORY CONFIGURATION

         name            origin    length      used     unused   attr    fill
----------------------  --------  ---------  --------  --------  ----  --------
  FLASH                 00000000   00040000  00003b41  0003c4bf  R  X
  SRAM                  20000000   00008000  00002332  00005cce  RW X


SEGMENT ALLOCATION MAP

run origin  load origin   length   init length attrs members
----------  ----------- ---------- ----------- ----- -------
00000000    00000000    00003b48   00003b48    r-x
  00000000    00000000    0000026c   0000026c    r-- .intvecs
  0000026c    0000026c    00003784   00003784    r-x .text
  000039f0    000039f0    00000109   00000109    r-- .const
  00003b00    00003b00    00000048   00000048    r-- .cinit
20000000    20000000    00002339   00000000    rw-
  20000000    20000000    0000026c   00000000    rw- .vtable
  20000270    20000270    00001000   00000000    rw- .stack
  20001270    20001270    00001000   00000000    rw- .sysmem
  20002270    20002270    000000a5   00000000    rw- .bss
  20002318    20002318    00000021   00000000    rw- .data


SECTION ALLOCATION MAP

 output                                  attributes/
section   page    origin      length       input sections
--------  ----  ----------  ----------   ----------------
.intvecs   0    00000000    0000026c     
                  00000000    0000026c     tm4c123gh6pm_startup_ccs.obj (.intvecs)

.text      0    0000026c    00003784     
                  0000026c    00000a4e     rtsv7M4_T_le_v4SPD16_eabi.lib : _printfi.c.obj (.text:__TI_printfi)
                  00000cba    00000002                                   : _lock.c.obj (.text:_nop)
                  00000cbc    000004ca     main.obj (.text)
                  00001186    00000002     rtsv7M4_T_le_v4SPD16_eabi.lib : div0.asm.obj (.text)
                  00001188    00000328     lcd.obj (.text)
                  000014b0    00000270     rtsv7M4_T_le_v4SPD16_eabi.lib : _printfi.c.obj (.text:_pconv_a)
                  00001720    00000260     libcybotScan.lib : cyBot_Scan.obj (.text)
                  00001980    00000248     Timer.obj (.text)
                  00001bc8    000001ec     libcybotScan.lib : ping.obj (.text)
                  00001db4    000001d0     rtsv7M4_T_le_v4SPD16_eabi.lib : _printfi.c.obj (.text:_pconv_g)
                  00001f84    000001b6                                   : fd_add_t2.asm.obj (.text)
                  0000213a    00000002     --HOLE-- [fill = 0]
                  0000213c    0000015c     libcybotUART.lib : uart.obj (.text)
                  00002298    00000158     libcybotScan.lib : servo.obj (.text)
                  000023f0    0000014c     rtsv7M4_T_le_v4SPD16_eabi.lib : vla_alloc.c.obj (.text:__vla_alloc)
                  0000253c    0000013c                                   : _printfi.c.obj (.text:_pconv_e)
                  00002678    00000136                                   : fd_div_t2.asm.obj (.text)
                  000027ae    00000002     --HOLE-- [fill = 0]
                  000027b0    00000124                                   : _printfi.c.obj (.text:fcvt)
                  000028d4    00000118     libcybotScan.lib : ir.obj (.text)
                  000029ec    00000110     rtsv7M4_T_le_v4SPD16_eabi.lib : s_scalbn.c.obj (.text:scalbn)
                  00002afc    00000100                                   : memory.c.obj (.text:aligned_alloc)
                  00002bfc    000000fc                                   : fd_mul_t2.asm.obj (.text)
                  00002cf8    000000e4                                   : memory.c.obj (.text:free)
                  00002ddc    000000e4                                   : memory.c.obj (.text:realloc)
                  00002ec0    000000b1                                   : _printfi.c.obj (.text:_ltostr)
                  00002f71    00000001     --HOLE-- [fill = 0]
                  00002f72    0000009c                                   : memcpy_t2.asm.obj (.text)
                  0000300e    00000096                                   : ull_div_t2.asm.obj (.text)
                  000030a4    00000086                                   : fd_cmp_t2.asm.obj (.text:__aeabi_cdcmple)
                  0000312a    00000086                                   : fd_cmp_t2.asm.obj (.text:__aeabi_cdrcmple)
                  000031b0    0000007a                                   : memset_t2.asm.obj (.text)
                  0000322a    00000002     --HOLE-- [fill = 0]
                  0000322c    00000078                                   : vla_alloc.c.obj (.text:_ZN33_INTERNAL_11_vla_alloc_c_be8bd49b21free_dead_allocationsEPv)
                  000032a4    00000070                                   : vla_alloc.c.obj (.text:__vla_dealloc)
                  00003314    00000070                                   : memory.c.obj (.text:split)
                  00003384    0000006e                                   : _printfi.c.obj (.text:_mcpy)
                  000033f2    00000068                                   : copy_decompress_lzss.c.obj (.text:decompress:lzss:__TI_decompress_lzss)
                  0000345a    00000002     --HOLE-- [fill = 0]
                  0000345c    00000064                                   : s_frexp.c.obj (.text:frexp)
                  000034c0    00000056                                   : _printfi.c.obj (.text:_pconv_f)
                  00003516    00000054                                   : _ltoa.c.obj (.text:__TI_ltoa)
                  0000356a    00000052                                   : _printfi.c.obj (.text:_ecpy)
                  000035bc    0000004c                                   : atoi.c.obj (.text:atoi)
                  00003608    00000048                                   : fd_toi_t2.asm.obj (.text)
                  00003650    00000044                                   : autoinit.c.obj (.text:__TI_auto_init_nobinit_nopinit:__TI_auto_init_nobinit_nopinit)
                  00003694    00000040                                   : sprintf.c.obj (.text:sprintf)
                  000036d4    00000040                                   : vsnprintf.c.obj (.text:vsnprintf)
                  00003714    0000003e                                   : _printfi.c.obj (.text:_fcpy)
                  00003752    00000038                                   : fs_tod_t2.asm.obj (.text)
                  0000378a    00000002     --HOLE-- [fill = 0]
                  0000378c    00000034     driverlib.lib : interrupt.obj (.text:IntRegister)
                  000037c0    00000034     rtsv7M4_T_le_v4SPD16_eabi.lib : boot_cortex_m.c.obj (.text:_c_int00_noargs:_c_int00_noargs)
                  000037f4    00000030                                   : vsnprintf.c.obj (.text:_outs)
                  00003824    0000002e                                   : i_tofd_t2.asm.obj (.text)
                  00003852    00000002     --HOLE-- [fill = 0]
                  00003854    00000028                                   : memory.c.obj (.text:free_list_insert)
                  0000387c    0000001c                                   : copy_zero_init.c.obj (.text:decompress:ZI:__TI_zero_init_nomemset:__TI_zero_init_nomemset)
                  00003898    0000001c                                   : memory.c.obj (.text:free_list_remove)
                  000038b4    0000001c                                   : memccpy.c.obj (.text:memccpy)
                  000038d0    0000001a                                   : s_copysign.c.obj (.text:copysign)
                  000038ea    00000018                                   : vsnprintf.c.obj (.text:_outc)
                  00003902    00000018                                   : sprintf.c.obj (.text:_outs)
                  0000391a    00000018                                   : strcmp.c.obj (.text:strcmp)
                  00003932    00000016                                   : strchr.c.obj (.text:strchr)
                  00003948    00000014                                   : strcpy.c.obj (.text:strcpy)
                  0000395c    00000014                                   : strlen.c.obj (.text:strlen)
                  00003970    00000012                                   : wcslen.c.obj (.text:wcslen)
                  00003982    00000010     driverlib.lib : interrupt.obj (.text:IntMasterEnable)
                  00003992    00000010     lcd.obj (.text:lcd_clear)
                  000039a2    0000000e     rtsv7M4_T_le_v4SPD16_eabi.lib : copy_decompress_none.c.obj (.text:decompress:none:__TI_decompress_none)
                  000039b0    0000000c     driverlib.lib : cpu.obj (.text:CPUcpsie)
                  000039bc    0000000c     tm4c123gh6pm_startup_ccs.obj (.text)
                  000039c8    0000000a     rtsv7M4_T_le_v4SPD16_eabi.lib : sprintf.c.obj (.text:_outc)
                  000039d2    00000002     --HOLE-- [fill = 0]
                  000039d4    00000008                                   : errno.c.obj (.text:__aeabi_errno_addr)
                  000039dc    00000008                                   : memory.c.obj (.text:malloc)
                  000039e4    00000004                                   : error.c.obj (.text:__abort_execution)
                  000039e8    00000004                                   : pre_init.c.obj (.text:_system_pre_init)
                  000039ec    00000004                                   : exit.c.obj (.text:abort:abort)

.const     0    000039f0    00000109     
                  000039f0    00000101     rtsv7M4_T_le_v4SPD16_eabi.lib : ctype.c.obj (.const:.string:_ctypes_)
                  00003af1    00000004     lcd.obj (.const:.string:lineAddress$1)
                  00003af5    00000004     lcd.obj (.const:.string:lineAddresses$2)

.cinit     0    00003b00    00000048     
                  00003b00    0000000d     (.cinit..data.load) [load image, compression = lzss]
                  00003b0d    00000003     --HOLE-- [fill = 0]
                  00003b10    0000000c     (__TI_handler_table)
                  00003b1c    00000004     --HOLE-- [fill = 0]
                  00003b20    00000008     (.cinit..bss.load) [load image, compression = zero_init]
                  00003b28    00000008     (.cinit..vtable.load) [load image, compression = zero_init]
                  00003b30    00000018     (__TI_cinit_table)

.init_array 
*          0    00000000    00000000     UNINITIALIZED

.vtable    0    20000000    0000026c     UNINITIALIZED
                  20000000    0000026c     driverlib.lib : interrupt.obj (.vtable)

.stack     0    20000270    00001000     UNINITIALIZED
                  20000270    00000004     rtsv7M4_T_le_v4SPD16_eabi.lib : boot_cortex_m.c.obj (.stack)
                  20000274    00000ffc     --HOLE--

.sysmem    0    20001270    00001000     UNINITIALIZED
                  20001270    00000010     rtsv7M4_T_le_v4SPD16_eabi.lib : memory.c.obj (.sysmem)
                  20001280    00000ff0     --HOLE--

.bss       0    20002270    000000a5     UNINITIALIZED
                  20002270    00000054     lcd.obj (.bss:lastbuffer$3)
                  200022c4    00000034     (.common:isr_char_buffer)
                  200022f8    00000004     (.common:_timeout_ticks)
                  200022fc    00000004     (.common:fallingEdge)
                  20002300    00000004     (.common:isr_int_value)
                  20002304    00000004     (.common:left_calibration_value)
                  20002308    00000004     (.common:pulseLength)
                  2000230c    00000004     (.common:right_calibration_value)
                  20002310    00000004     (.common:risingEdge)
                  20002314    00000001     (.common:isRisingEdge)

.data      0    20002318    00000021     UNINITIALIZED
                  20002318    00000008     rtsv7M4_T_le_v4SPD16_eabi.lib : _lock.c.obj (.data:$O1$$)
                  20002320    00000008                                   : memory.c.obj (.data:$O1$$)
                  20002328    00000004     libcybotScan.lib : cyBot_Scan.obj (.data)
                  2000232c    00000004     libcybotUART.lib : uart.obj (.data)
                  20002330    00000004     rtsv7M4_T_le_v4SPD16_eabi.lib : errno.c.obj (.data)
                  20002334    00000004                                   : vla_alloc.c.obj (.data)
                  20002338    00000001     Timer.obj (.data)

__llvm_prf_cnts 
*          0    20000000    00000000     UNINITIALIZED

MODULE SUMMARY

       Module                         code    ro data   rw data
       ------                         ----    -------   -------
    .\
       main.obj                       1226    0         8      
       lcd.obj                        824     8         84     
       tm4c123gh6pm_startup_ccs.obj   12      620       0      
       Timer.obj                      584     0         5      
    +--+------------------------------+-------+---------+---------+
       Total:                         2646    628       97     
                                                               
    ../libcybotScan.lib
       cyBot_Scan.obj                 608     0         4      
       ping.obj                       492     0         13     
       servo.obj                      344     0         0      
       ir.obj                         280     0         4      
    +--+------------------------------+-------+---------+---------+
       Total:                         1724    0         21     
                                                               
    ../libcybotUART.lib
       uart.obj                       348     0         56     
    +--+------------------------------+-------+---------+---------+
       Total:                         348     0         56     
                                                               
    C:/ti/TivaWare_C_Series-2.2.0.295/driverlib/ccs/Debug/driverlib.lib
       interrupt.obj                  68      0         620    
       cpu.obj                        12      0         0      
    +--+------------------------------+-------+---------+---------+
       Total:                         80      0         620    
                                                               
    C:\ti\ccs1271\ccs\tools\compiler\ti-cgt-arm_20.2.7.LTS\lib\rtsv7M4_T_le_v4SPD16_eabi.lib
       _printfi.c.obj                 4851    0         0      
       memory.c.obj                   900     0         8      
       vla_alloc.c.obj                564     0         4      
       fd_add_t2.asm.obj              438     0         0      
       fd_div_t2.asm.obj              310     0         0      
       s_scalbn.c.obj                 272     0         0      
       fd_cmp_t2.asm.obj              268     0         0      
       ctype.c.obj                    0       257       0      
       fd_mul_t2.asm.obj              252     0         0      
       memcpy_t2.asm.obj              156     0         0      
       ull_div_t2.asm.obj             150     0         0      
       vsnprintf.c.obj                136     0         0      
       memset_t2.asm.obj              122     0         0      
       copy_decompress_lzss.c.obj     104     0         0      
       s_frexp.c.obj                  100     0         0      
       sprintf.c.obj                  98      0         0      
       _ltoa.c.obj                    84      0         0      
       atoi.c.obj                     76      0         0      
       fd_toi_t2.asm.obj              72      0         0      
       autoinit.c.obj                 68      0         0      
       fs_tod_t2.asm.obj              56      0         0      
       boot_cortex_m.c.obj            52      0         0      
       i_tofd_t2.asm.obj              46      0         0      
       copy_zero_init.c.obj           28      0         0      
       memccpy.c.obj                  28      0         0      
       s_copysign.c.obj               26      0         0      
       strcmp.c.obj                   24      0         0      
       strchr.c.obj                   22      0         0      
       strcpy.c.obj                   20      0         0      
       strlen.c.obj                   20      0         0      
       wcslen.c.obj                   18      0         0      
       copy_decompress_none.c.obj     14      0         0      
       errno.c.obj                    8       0         4      
       _lock.c.obj                    2       0         8      
       error.c.obj                    4       0         0      
       exit.c.obj                     4       0         0      
       pre_init.c.obj                 4       0         0      
       div0.asm.obj                   2       0         0      
    +--+------------------------------+-------+---------+---------+
       Total:                         9399    257       24     
                                                               
       Heap:                          0       0         4096   
       Stack:                         0       0         4096   
       Linker Generated:              0       65        0      
    +--+------------------------------+-------+---------+---------+
       Grand Total:                   14197   950       9010   


LINKER GENERATED COPY TABLES

__TI_cinit_table @ 00003b30 records: 3, size/record: 8, table size: 24
	.data: load addr=00003b00, load size=0000000d bytes, run addr=20002318, run size=00000021 bytes, compression=lzss
	.bss: load addr=00003b20, load size=00000008 bytes, run addr=20002270, run size=000000a5 bytes, compression=zero_init
	.vtable: load addr=00003b28, load size=00000008 bytes, run addr=20000000, run size=0000026c bytes, compression=zero_init


LINKER GENERATED HANDLER TABLE

__TI_handler_table @ 00003b10 records: 3, size/record: 4, table size: 12
	index: 0, handler: __TI_zero_init
	index: 1, handler: __TI_decompress_lzss
	index: 2, handler: __TI_decompress_none


GLOBAL SYMBOLS: SORTED ALPHABETICALLY BY Name 

address   name                          
-------   ----                          
0000296d  ADC0SS0_Handler               
000039ed  C$$EXIT                       
000039b1  CPUcpsie                      
00003983  IntMasterEnable               
0000378d  IntRegister                   
000039bd  ResetISR                      
00001cb9  TIMER3B_Handler               
20001270  __STACK_END                   
00001000  __STACK_SIZE                  
20000470  __STACK_TOP                   
00001000  __SYSMEM_SIZE                 
00003b30  __TI_CINIT_Base               
00003b48  __TI_CINIT_Limit              
00003b10  __TI_Handler_Table_Base       
00003b1c  __TI_Handler_Table_Limit      
00003651  __TI_auto_init_nobinit_nopinit
000033f3  __TI_decompress_lzss          
000039a3  __TI_decompress_none          
00003517  __TI_ltoa                     
ffffffff  __TI_pprof_out_hndl           
0000026d  __TI_printfi                  
ffffffff  __TI_prof_data_size           
ffffffff  __TI_prof_data_start          
00000000  __TI_static_base__            
0000387d  __TI_zero_init_nomemset       
000039e5  __abort_execution             
000030a5  __aeabi_cdcmpeq               
000030a5  __aeabi_cdcmple               
0000312b  __aeabi_cdrcmple              
00003609  __aeabi_d2iz                  
00001f8f  __aeabi_dadd                  
00002679  __aeabi_ddiv                  
00002bfd  __aeabi_dmul                  
00001f85  __aeabi_dsub                  
000039d5  __aeabi_errno_addr            
00003753  __aeabi_f2d                   
00003825  __aeabi_i2d                   
00001187  __aeabi_idiv0                 
00001187  __aeabi_ldiv0                 
000031b1  __aeabi_memclr                
000031b1  __aeabi_memclr4               
000031b1  __aeabi_memclr8               
00002f73  __aeabi_memcpy                
00002f73  __aeabi_memcpy4               
00002f73  __aeabi_memcpy8               
000031b3  __aeabi_memset                
000031b3  __aeabi_memset4               
000031b3  __aeabi_memset8               
0000300f  __aeabi_uldivmod              
ffffffff  __binit__                     
ffffffff  __c_args__                    
UNDEFED   __mpu_init                    
20000270  __stack                       
20000000  __start___llvm_prf_cnts       
20000000  __stop___llvm_prf_cnts        
000023f1  __vla_alloc                   
000032a5  __vla_dealloc                 
000037c1  _c_int00_noargs               
000039f0  _ctypes_                      
20002318  _lock                         
00000cbb  _nop                          
20002338  _running                      
20001270  _sys_memory                   
UNDEFED   _system_post_cinit            
000039e9  _system_pre_init              
200022f8  _timeout_ticks                
2000231c  _unlock                       
000039ed  abort                         
00002afd  aligned_alloc                 
000035bd  atoi                          
ffffffff  binit                         
000038d1  copysign                      
000038d1  copysignl                     
000017f9  cyBOT_SERVO_cal               
00001787  cyBOT_Scan                    
0000172f  cyBOT_init_Scan               
20002328  cyBOT_scan_features           
00001721  cyBOT_scan_version            
00002245  cyBot_UART1_Handler           
0000222b  cyBot_getByte                 
0000213d  cyBot_sendByte                
0000220d  cyBot_uart_flush              
0000217b  cyBot_uart_init               
00002163  cyBot_uart_sendBuffer         
00002149  cyBot_uart_sendStr            
20002330  errno                         
200022fc  fallingEdge                   
00000d4b  filter                        
00000fdd  findSmallest                  
00002cf9  free                          
0000345d  frexp                         
0000345d  frexpl                        
20000000  g_pfnRAMVectors               
00000000  g_pfnVectors                  
00000f65  getFiltered                   
00000dab  getObjects                    
00000cbd  initAll                       
00002983  ir_enableInterrupt            
00002965  ir_getDistance                
0000293d  ir_getValue                   
000028d5  ir_init                       
20002314  isRisingEdge                  
00000ce3  isShiftCloser                 
00000d17  isShiftFurther                
200022c4  isr_char_buffer               
2000232c  isr_counter                   
20002300  isr_int_value                 
00001033  lcdDispObject                 
00003993  lcd_clear                     
0000135d  lcd_gotoLine                  
000011c5  lcd_init                      
000013c3  lcd_printf                    
00001285  lcd_putc                      
000012bd  lcd_puts                      
00001189  lcd_reverseNibble             
000012db  lcd_sendCommand               
00001319  lcd_sendNibble                
00001385  lcd_setCursorPos              
000029ed  ldexp                         
000029ed  ldexpl                        
20002304  left_calibration_value        
00001079  main                          
000039dd  malloc                        
00002afd  memalign                      
000038b5  memccpy                       
00002f73  memcpy                        
000031b9  memset                        
00001d0b  ping_getDistance              
00001bc9  ping_init                     
00001c4f  ping_trigger                  
20002308  pulseLength                   
00002ddd  realloc                       
2000230c  right_calibration_value       
20002310  risingEdge                    
000029ed  scalbn                        
000029ed  scalbnl                       
00000eef  sendDistance                  
00000d85  sendMessage                   
00002299  servo_init                    
00002329  servo_move                    
00002389  servo_setPWM                  
0000231d  servo_stop                    
00003695  sprintf                       
00003933  strchr                        
0000391b  strcmp                        
00003949  strcpy                        
0000395d  strlen                        
00001a9f  timer_getMicros               
00001a47  timer_getMillis               
00001981  timer_init                    
00001a23  timer_pause                   
00001a35  timer_resume                  
000019f9  timer_stop                    
00001af9  timer_waitMicros              
00001b2b  timer_waitMillis              
000036d5  vsnprintf                     
00003971  wcslen                        


GLOBAL SYMBOLS: SORTED BY Symbol Address 

address   name                          
-------   ----                          
00000000  __TI_static_base__            
00000000  g_pfnVectors                  
0000026d  __TI_printfi                  
00000cbb  _nop                          
00000cbd  initAll                       
00000ce3  isShiftCloser                 
00000d17  isShiftFurther                
00000d4b  filter                        
00000d85  sendMessage                   
00000dab  getObjects                    
00000eef  sendDistance                  
00000f65  getFiltered                   
00000fdd  findSmallest                  
00001000  __STACK_SIZE                  
00001000  __SYSMEM_SIZE                 
00001033  lcdDispObject                 
00001079  main                          
00001187  __aeabi_idiv0                 
00001187  __aeabi_ldiv0                 
00001189  lcd_reverseNibble             
000011c5  lcd_init                      
00001285  lcd_putc                      
000012bd  lcd_puts                      
000012db  lcd_sendCommand               
00001319  lcd_sendNibble                
0000135d  lcd_gotoLine                  
00001385  lcd_setCursorPos              
000013c3  lcd_printf                    
00001721  cyBOT_scan_version            
0000172f  cyBOT_init_Scan               
00001787  cyBOT_Scan                    
000017f9  cyBOT_SERVO_cal               
00001981  timer_init                    
000019f9  timer_stop                    
00001a23  timer_pause                   
00001a35  timer_resume                  
00001a47  timer_getMillis               
00001a9f  timer_getMicros               
00001af9  timer_waitMicros              
00001b2b  timer_waitMillis              
00001bc9  ping_init                     
00001c4f  ping_trigger                  
00001cb9  TIMER3B_Handler               
00001d0b  ping_getDistance              
00001f85  __aeabi_dsub                  
00001f8f  __aeabi_dadd                  
0000213d  cyBot_sendByte                
00002149  cyBot_uart_sendStr            
00002163  cyBot_uart_sendBuffer         
0000217b  cyBot_uart_init               
0000220d  cyBot_uart_flush              
0000222b  cyBot_getByte                 
00002245  cyBot_UART1_Handler           
00002299  servo_init                    
0000231d  servo_stop                    
00002329  servo_move                    
00002389  servo_setPWM                  
000023f1  __vla_alloc                   
00002679  __aeabi_ddiv                  
000028d5  ir_init                       
0000293d  ir_getValue                   
00002965  ir_getDistance                
0000296d  ADC0SS0_Handler               
00002983  ir_enableInterrupt            
000029ed  ldexp                         
000029ed  ldexpl                        
000029ed  scalbn                        
000029ed  scalbnl                       
00002afd  aligned_alloc                 
00002afd  memalign                      
00002bfd  __aeabi_dmul                  
00002cf9  free                          
00002ddd  realloc                       
00002f73  __aeabi_memcpy                
00002f73  __aeabi_memcpy4               
00002f73  __aeabi_memcpy8               
00002f73  memcpy                        
0000300f  __aeabi_uldivmod              
000030a5  __aeabi_cdcmpeq               
000030a5  __aeabi_cdcmple               
0000312b  __aeabi_cdrcmple              
000031b1  __aeabi_memclr                
000031b1  __aeabi_memclr4               
000031b1  __aeabi_memclr8               
000031b3  __aeabi_memset                
000031b3  __aeabi_memset4               
000031b3  __aeabi_memset8               
000031b9  memset                        
000032a5  __vla_dealloc                 
000033f3  __TI_decompress_lzss          
0000345d  frexp                         
0000345d  frexpl                        
00003517  __TI_ltoa                     
000035bd  atoi                          
00003609  __aeabi_d2iz                  
00003651  __TI_auto_init_nobinit_nopinit
00003695  sprintf                       
000036d5  vsnprintf                     
00003753  __aeabi_f2d                   
0000378d  IntRegister                   
000037c1  _c_int00_noargs               
00003825  __aeabi_i2d                   
0000387d  __TI_zero_init_nomemset       
000038b5  memccpy                       
000038d1  copysign                      
000038d1  copysignl                     
0000391b  strcmp                        
00003933  strchr                        
00003949  strcpy                        
0000395d  strlen                        
00003971  wcslen                        
00003983  IntMasterEnable               
00003993  lcd_clear                     
000039a3  __TI_decompress_none          
000039b1  CPUcpsie                      
000039bd  ResetISR                      
000039d5  __aeabi_errno_addr            
000039dd  malloc                        
000039e5  __abort_execution             
000039e9  _system_pre_init              
000039ed  C$$EXIT                       
000039ed  abort                         
000039f0  _ctypes_                      
00003b10  __TI_Handler_Table_Base       
00003b1c  __TI_Handler_Table_Limit      
00003b30  __TI_CINIT_Base               
00003b48  __TI_CINIT_Limit              
20000000  __start___llvm_prf_cnts       
20000000  __stop___llvm_prf_cnts        
20000000  g_pfnRAMVectors               
20000270  __stack                       
20000470  __STACK_TOP                   
20001270  __STACK_END                   
20001270  _sys_memory                   
200022c4  isr_char_buffer               
200022f8  _timeout_ticks                
200022fc  fallingEdge                   
20002300  isr_int_value                 
20002304  left_calibration_value        
20002308  pulseLength                   
2000230c  right_calibration_value       
20002310  risingEdge                    
20002314  isRisingEdge                  
20002318  _lock                         
2000231c  _unlock                       
20002328  cyBOT_scan_features           
2000232c  isr_counter                   
20002330  errno                         
20002338  _running                      
ffffffff  __TI_pprof_out_hndl           
ffffffff  __TI_prof_data_size           
ffffffff  __TI_prof_data_start          
ffffffff  __binit__                     
ffffffff  __c_args__                    
ffffffff  binit                         
UNDEFED   __mpu_init                    
UNDEFED   _system_post_cinit            

[157 symbols]
