******************************************************************************
                  TI ARM Linker PC v20.2.7                     
******************************************************************************
>> Linked Fri Mar  7 16:35:01 2025

OUTPUT FILE NAME:   <Lab_6.out>
ENTRY POINT SYMBOL: "_c_int00_noargs"  address: 00003959


MEMORY CONFIGURATION

         name            origin    length      used     unused   attr    fill
----------------------  --------  ---------  --------  --------  ----  --------
  FLASH                 00000000   00040000  00003ce1  0003c31f  R  X
  SRAM                  20000000   00008000  0000233a  00005cc6  RW X


SEGMENT ALLOCATION MAP

run origin  load origin   length   init length attrs members
----------  ----------- ---------- ----------- ----- -------
00000000    00000000    00003ce8   00003ce8    r-x
  00000000    00000000    0000026c   0000026c    r-- .intvecs
  0000026c    0000026c    0000391c   0000391c    r-x .text
  00003b88    00003b88    00000109   00000109    r-- .const
  00003c98    00003c98    00000050   00000050    r-- .cinit
20000000    20000000    00002341   00000000    rw-
  20000000    20000000    0000026c   00000000    rw- .vtable
  20000270    20000270    00001000   00000000    rw- .stack
  20001270    20001270    00001000   00000000    rw- .sysmem
  20002270    20002270    000000a5   00000000    rw- .bss
  20002318    20002318    00000029   00000000    rw- .data


SECTION ALLOCATION MAP

 output                                  attributes/
section   page    origin      length       input sections
--------  ----  ----------  ----------   ----------------
.intvecs   0    00000000    0000026c     
                  00000000    0000026c     tm4c123gh6pm_startup_ccs.obj (.intvecs)

.text      0    0000026c    0000391c     
                  0000026c    00000a4e     rtsv7M4_T_le_v4SPD16_eabi.lib : _printfi.c.obj (.text:__TI_printfi)
                  00000cba    00000002                                   : _lock.c.obj (.text:_nop)
                  00000cbc    00000468     main.obj (.text)
                  00001124    00000328     lcd.obj (.text)
                  0000144c    00000270     rtsv7M4_T_le_v4SPD16_eabi.lib : _printfi.c.obj (.text:_pconv_a)
                  000016bc    00000260     libcybotScan.lib : cyBot_Scan.obj (.text)
                  0000191c    00000248     Timer.obj (.text)
                  00001b64    000001fc     uart-interrupt.obj (.text)
                  00001d60    000001ec     libcybotScan.lib : ping.obj (.text)
                  00001f4c    000001d0     rtsv7M4_T_le_v4SPD16_eabi.lib : _printfi.c.obj (.text:_pconv_g)
                  0000211c    000001b6                                   : fd_add_t2.asm.obj (.text)
                  000022d2    00000002                                   : div0.asm.obj (.text)
                  000022d4    0000015c     libcybotUART.lib : uart.obj (.text)
                  00002430    00000158     libcybotScan.lib : servo.obj (.text)
                  00002588    0000014c     rtsv7M4_T_le_v4SPD16_eabi.lib : vla_alloc.c.obj (.text:__vla_alloc)
                  000026d4    0000013c                                   : _printfi.c.obj (.text:_pconv_e)
                  00002810    00000136                                   : fd_div_t2.asm.obj (.text)
                  00002946    00000002     --HOLE-- [fill = 0]
                  00002948    00000124                                   : _printfi.c.obj (.text:fcvt)
                  00002a6c    00000118     libcybotScan.lib : ir.obj (.text)
                  00002b84    00000110     rtsv7M4_T_le_v4SPD16_eabi.lib : s_scalbn.c.obj (.text:scalbn)
                  00002c94    00000100                                   : memory.c.obj (.text:aligned_alloc)
                  00002d94    000000fc                                   : fd_mul_t2.asm.obj (.text)
                  00002e90    000000e4                                   : memory.c.obj (.text:free)
                  00002f74    000000e4                                   : memory.c.obj (.text:realloc)
                  00003058    000000b1                                   : _printfi.c.obj (.text:_ltostr)
                  00003109    00000001     --HOLE-- [fill = 0]
                  0000310a    0000009c                                   : memcpy_t2.asm.obj (.text)
                  000031a6    00000096                                   : ull_div_t2.asm.obj (.text)
                  0000323c    00000086                                   : fd_cmp_t2.asm.obj (.text:__aeabi_cdcmple)
                  000032c2    00000086                                   : fd_cmp_t2.asm.obj (.text:__aeabi_cdrcmple)
                  00003348    0000007a                                   : memset_t2.asm.obj (.text)
                  000033c2    00000002     --HOLE-- [fill = 0]
                  000033c4    00000078                                   : vla_alloc.c.obj (.text:_ZN33_INTERNAL_11_vla_alloc_c_be8bd49b21free_dead_allocationsEPv)
                  0000343c    00000070                                   : vla_alloc.c.obj (.text:__vla_dealloc)
                  000034ac    00000070                                   : memory.c.obj (.text:split)
                  0000351c    0000006e                                   : _printfi.c.obj (.text:_mcpy)
                  0000358a    00000068                                   : copy_decompress_lzss.c.obj (.text:decompress:lzss:__TI_decompress_lzss)
                  000035f2    00000002     --HOLE-- [fill = 0]
                  000035f4    00000064                                   : s_frexp.c.obj (.text:frexp)
                  00003658    00000056                                   : _printfi.c.obj (.text:_pconv_f)
                  000036ae    00000054                                   : _ltoa.c.obj (.text:__TI_ltoa)
                  00003702    00000052                                   : _printfi.c.obj (.text:_ecpy)
                  00003754    0000004c                                   : atoi.c.obj (.text:atoi)
                  000037a0    00000048                                   : fd_toi_t2.asm.obj (.text)
                  000037e8    00000044                                   : autoinit.c.obj (.text:__TI_auto_init_nobinit_nopinit:__TI_auto_init_nobinit_nopinit)
                  0000382c    00000040                                   : sprintf.c.obj (.text:sprintf)
                  0000386c    00000040                                   : vsnprintf.c.obj (.text:vsnprintf)
                  000038ac    0000003e                                   : _printfi.c.obj (.text:_fcpy)
                  000038ea    00000038                                   : fs_tod_t2.asm.obj (.text)
                  00003922    00000002     --HOLE-- [fill = 0]
                  00003924    00000034     driverlib.lib : interrupt.obj (.text:IntRegister)
                  00003958    00000034     rtsv7M4_T_le_v4SPD16_eabi.lib : boot_cortex_m.c.obj (.text:_c_int00_noargs:_c_int00_noargs)
                  0000398c    00000030                                   : vsnprintf.c.obj (.text:_outs)
                  000039bc    0000002e                                   : i_tofd_t2.asm.obj (.text)
                  000039ea    00000002     --HOLE-- [fill = 0]
                  000039ec    00000028                                   : memory.c.obj (.text:free_list_insert)
                  00003a14    0000001c                                   : copy_zero_init.c.obj (.text:decompress:ZI:__TI_zero_init_nomemset:__TI_zero_init_nomemset)
                  00003a30    0000001c                                   : memory.c.obj (.text:free_list_remove)
                  00003a4c    0000001c                                   : memccpy.c.obj (.text:memccpy)
                  00003a68    0000001a                                   : s_copysign.c.obj (.text:copysign)
                  00003a82    00000018                                   : vsnprintf.c.obj (.text:_outc)
                  00003a9a    00000018                                   : sprintf.c.obj (.text:_outs)
                  00003ab2    00000018                                   : strcmp.c.obj (.text:strcmp)
                  00003aca    00000016                                   : strchr.c.obj (.text:strchr)
                  00003ae0    00000014                                   : strcpy.c.obj (.text:strcpy)
                  00003af4    00000014                                   : strlen.c.obj (.text:strlen)
                  00003b08    00000012                                   : wcslen.c.obj (.text:wcslen)
                  00003b1a    00000010     driverlib.lib : interrupt.obj (.text:IntMasterEnable)
                  00003b2a    00000010     lcd.obj (.text:lcd_clear)
                  00003b3a    0000000e     rtsv7M4_T_le_v4SPD16_eabi.lib : copy_decompress_none.c.obj (.text:decompress:none:__TI_decompress_none)
                  00003b48    0000000c     driverlib.lib : cpu.obj (.text:CPUcpsie)
                  00003b54    0000000c     tm4c123gh6pm_startup_ccs.obj (.text)
                  00003b60    0000000a     rtsv7M4_T_le_v4SPD16_eabi.lib : sprintf.c.obj (.text:_outc)
                  00003b6a    00000002     --HOLE-- [fill = 0]
                  00003b6c    00000008                                   : errno.c.obj (.text:__aeabi_errno_addr)
                  00003b74    00000008                                   : memory.c.obj (.text:malloc)
                  00003b7c    00000004                                   : error.c.obj (.text:__abort_execution)
                  00003b80    00000004                                   : pre_init.c.obj (.text:_system_pre_init)
                  00003b84    00000004                                   : exit.c.obj (.text:abort:abort)

.const     0    00003b88    00000109     
                  00003b88    00000101     rtsv7M4_T_le_v4SPD16_eabi.lib : ctype.c.obj (.const:.string:_ctypes_)
                  00003c89    00000004     lcd.obj (.const:.string:lineAddress$1)
                  00003c8d    00000004     lcd.obj (.const:.string:lineAddresses$2)

.cinit     0    00003c98    00000050     
                  00003c98    00000015     (.cinit..data.load) [load image, compression = lzss]
                  00003cad    00000003     --HOLE-- [fill = 0]
                  00003cb0    0000000c     (__TI_handler_table)
                  00003cbc    00000004     --HOLE-- [fill = 0]
                  00003cc0    00000008     (.cinit..bss.load) [load image, compression = zero_init]
                  00003cc8    00000008     (.cinit..vtable.load) [load image, compression = zero_init]
                  00003cd0    00000018     (__TI_cinit_table)

.init_array 
*          0    00000000    00000000     UNINITIALIZED

.vtable    0    20000000    0000026c     UNINITIALIZED
                  20000000    0000026c     driverlib.lib : interrupt.obj (.vtable)

.stack     0    20000270    00001000     UNINITIALIZED
                  20000270    00000004     rtsv7M4_T_le_v4SPD16_eabi.lib : boot_cortex_m.c.obj (.stack)
                  20000274    00000ffc     --HOLE--

.sysmem    0    20001270    00001000     UNINITIALIZED
                  20001270    00000010     rtsv7M4_T_le_v4SPD16_eabi.lib : memory.c.obj (.sysmem)
                  20001280    00000ff0     --HOLE--

.bss       0    20002270    000000a5     UNINITIALIZED
                  20002270    00000054     lcd.obj (.bss:lastbuffer$3)
                  200022c4    00000034     (.common:isr_char_buffer)
                  200022f8    00000004     (.common:_timeout_ticks)
                  200022fc    00000004     (.common:fallingEdge)
                  20002300    00000004     (.common:isr_int_value)
                  20002304    00000004     (.common:left_calibration_value)
                  20002308    00000004     (.common:pulseLength)
                  2000230c    00000004     (.common:right_calibration_value)
                  20002310    00000004     (.common:risingEdge)
                  20002314    00000001     (.common:isRisingEdge)

.data      0    20002318    00000029     UNINITIALIZED
                  20002318    00000008     rtsv7M4_T_le_v4SPD16_eabi.lib : _lock.c.obj (.data:$O1$$)
                  20002320    00000008                                   : memory.c.obj (.data:$O1$$)
                  20002328    00000008     uart-interrupt.obj (.data)
                  20002330    00000004     libcybotScan.lib : cyBot_Scan.obj (.data)
                  20002334    00000004     libcybotUART.lib : uart.obj (.data)
                  20002338    00000004     rtsv7M4_T_le_v4SPD16_eabi.lib : errno.c.obj (.data)
                  2000233c    00000004                                   : vla_alloc.c.obj (.data)
                  20002340    00000001     Timer.obj (.data)

__llvm_prf_cnts 
*          0    20000000    00000000     UNINITIALIZED

MODULE SUMMARY

       Module                         code    ro data   rw data
       ------                         ----    -------   -------
    .\
       main.obj                       1128    0         8      
       lcd.obj                        824     8         84     
       tm4c123gh6pm_startup_ccs.obj   12      620       0      
       Timer.obj                      584     0         5      
       uart-interrupt.obj             508     0         8      
    +--+------------------------------+-------+---------+---------+
       Total:                         3056    628       105    
                                                               
    ../libcybotScan.lib
       cyBot_Scan.obj                 608     0         4      
       ping.obj                       492     0         13     
       servo.obj                      344     0         0      
       ir.obj                         280     0         4      
    +--+------------------------------+-------+---------+---------+
       Total:                         1724    0         21     
                                                               
    ../libcybotUART.lib
       uart.obj                       348     0         56     
    +--+------------------------------+-------+---------+---------+
       Total:                         348     0         56     
                                                               
    C:/ti/TivaWare_C_Series-2.2.0.295/driverlib/ccs/Debug/driverlib.lib
       interrupt.obj                  68      0         620    
       cpu.obj                        12      0         0      
    +--+------------------------------+-------+---------+---------+
       Total:                         80      0         620    
                                                               
    C:\ti\ccs1271\ccs\tools\compiler\ti-cgt-arm_20.2.7.LTS\lib\rtsv7M4_T_le_v4SPD16_eabi.lib
       _printfi.c.obj                 4851    0         0      
       memory.c.obj                   900     0         8      
       vla_alloc.c.obj                564     0         4      
       fd_add_t2.asm.obj              438     0         0      
       fd_div_t2.asm.obj              310     0         0      
       s_scalbn.c.obj                 272     0         0      
       fd_cmp_t2.asm.obj              268     0         0      
       ctype.c.obj                    0       257       0      
       fd_mul_t2.asm.obj              252     0         0      
       memcpy_t2.asm.obj              156     0         0      
       ull_div_t2.asm.obj             150     0         0      
       vsnprintf.c.obj                136     0         0      
       memset_t2.asm.obj              122     0         0      
       copy_decompress_lzss.c.obj     104     0         0      
       s_frexp.c.obj                  100     0         0      
       sprintf.c.obj                  98      0         0      
       _ltoa.c.obj                    84      0         0      
       atoi.c.obj                     76      0         0      
       fd_toi_t2.asm.obj              72      0         0      
       autoinit.c.obj                 68      0         0      
       fs_tod_t2.asm.obj              56      0         0      
       boot_cortex_m.c.obj            52      0         0      
       i_tofd_t2.asm.obj              46      0         0      
       copy_zero_init.c.obj           28      0         0      
       memccpy.c.obj                  28      0         0      
       s_copysign.c.obj               26      0         0      
       strcmp.c.obj                   24      0         0      
       strchr.c.obj                   22      0         0      
       strcpy.c.obj                   20      0         0      
       strlen.c.obj                   20      0         0      
       wcslen.c.obj                   18      0         0      
       copy_decompress_none.c.obj     14      0         0      
       errno.c.obj                    8       0         4      
       _lock.c.obj                    2       0         8      
       error.c.obj                    4       0         0      
       exit.c.obj                     4       0         0      
       pre_init.c.obj                 4       0         0      
       div0.asm.obj                   2       0         0      
    +--+------------------------------+-------+---------+---------+
       Total:                         9399    257       24     
                                                               
       Heap:                          0       0         4096   
       Stack:                         0       0         4096   
       Linker Generated:              0       73        0      
    +--+------------------------------+-------+---------+---------+
       Grand Total:                   14607   958       9018   


LINKER GENERATED COPY TABLES

__TI_cinit_table @ 00003cd0 records: 3, size/record: 8, table size: 24
	.data: load addr=00003c98, load size=00000015 bytes, run addr=20002318, run size=00000029 bytes, compression=lzss
	.bss: load addr=00003cc0, load size=00000008 bytes, run addr=20002270, run size=000000a5 bytes, compression=zero_init
	.vtable: load addr=00003cc8, load size=00000008 bytes, run addr=20000000, run size=0000026c bytes, compression=zero_init


LINKER GENERATED HANDLER TABLE

__TI_handler_table @ 00003cb0 records: 3, size/record: 4, table size: 12
	index: 0, handler: __TI_zero_init
	index: 1, handler: __TI_decompress_lzss
	index: 2, handler: __TI_decompress_none


GLOBAL SYMBOLS: SORTED ALPHABETICALLY BY Name 

address   name                          
-------   ----                          
00002b05  ADC0SS0_Handler               
00003b85  C$$EXIT                       
00003b49  CPUcpsie                      
00003b1b  IntMasterEnable               
00003925  IntRegister                   
00003b55  ResetISR                      
00001e51  TIMER3B_Handler               
00001cc9  UART1_Handler                 
20001270  __STACK_END                   
00001000  __STACK_SIZE                  
20000470  __STACK_TOP                   
00001000  __SYSMEM_SIZE                 
00003cd0  __TI_CINIT_Base               
00003ce8  __TI_CINIT_Limit              
00003cb0  __TI_Handler_Table_Base       
00003cbc  __TI_Handler_Table_Limit      
000037e9  __TI_auto_init_nobinit_nopinit
0000358b  __TI_decompress_lzss          
00003b3b  __TI_decompress_none          
000036af  __TI_ltoa                     
ffffffff  __TI_pprof_out_hndl           
0000026d  __TI_printfi                  
ffffffff  __TI_prof_data_size           
ffffffff  __TI_prof_data_start          
00000000  __TI_static_base__            
00003a15  __TI_zero_init_nomemset       
00003b7d  __abort_execution             
0000323d  __aeabi_cdcmpeq               
0000323d  __aeabi_cdcmple               
000032c3  __aeabi_cdrcmple              
000037a1  __aeabi_d2iz                  
00002127  __aeabi_dadd                  
00002811  __aeabi_ddiv                  
00002d95  __aeabi_dmul                  
0000211d  __aeabi_dsub                  
00003b6d  __aeabi_errno_addr            
000038eb  __aeabi_f2d                   
000039bd  __aeabi_i2d                   
000022d3  __aeabi_idiv0                 
000022d3  __aeabi_ldiv0                 
00003349  __aeabi_memclr                
00003349  __aeabi_memclr4               
00003349  __aeabi_memclr8               
0000310b  __aeabi_memcpy                
0000310b  __aeabi_memcpy4               
0000310b  __aeabi_memcpy8               
0000334b  __aeabi_memset                
0000334b  __aeabi_memset4               
0000334b  __aeabi_memset8               
000031a7  __aeabi_uldivmod              
ffffffff  __binit__                     
ffffffff  __c_args__                    
UNDEFED   __mpu_init                    
20000270  __stack                       
20000000  __start___llvm_prf_cnts       
20000000  __stop___llvm_prf_cnts        
00002589  __vla_alloc                   
0000343d  __vla_dealloc                 
00003959  _c_int00_noargs               
00003b88  _ctypes_                      
20002318  _lock                         
00000cbb  _nop                          
20002340  _running                      
20001270  _sys_memory                   
UNDEFED   _system_post_cinit            
00003b81  _system_pre_init              
200022f8  _timeout_ticks                
2000231c  _unlock                       
00003b85  abort                         
00002c95  aligned_alloc                 
00003755  atoi                          
ffffffff  binit                         
20002328  command_byte                  
2000232c  command_flag                  
00003a69  copysign                      
00003a69  copysignl                     
00001795  cyBOT_SERVO_cal               
00001723  cyBOT_Scan                    
000016cb  cyBOT_init_Scan               
20002330  cyBOT_scan_features           
000016bd  cyBOT_scan_version            
000023dd  cyBot_UART1_Handler           
000023c3  cyBot_getByte                 
000022d5  cyBot_sendByte                
000023a5  cyBot_uart_flush              
00002313  cyBot_uart_init               
000022fb  cyBot_uart_sendBuffer         
000022e1  cyBot_uart_sendStr            
20002338  errno                         
200022fc  fallingEdge                   
00000d4b  filter                        
00000fdd  findSmallest                  
00002e91  free                          
000035f5  frexp                         
000035f5  frexpl                        
20000000  g_pfnRAMVectors               
00000000  g_pfnVectors                  
00000f65  getFiltered                   
00000dab  getObjects                    
00000cbd  initAll                       
00002b1b  ir_enableInterrupt            
00002afd  ir_getDistance                
00002ad5  ir_getValue                   
00002a6d  ir_init                       
20002314  isRisingEdge                  
00000ce3  isShiftCloser                 
00000d17  isShiftFurther                
200022c4  isr_char_buffer               
20002334  isr_counter                   
20002300  isr_int_value                 
00001033  lcdDispObject                 
00003b2b  lcd_clear                     
000012f9  lcd_gotoLine                  
00001161  lcd_init                      
0000135f  lcd_printf                    
00001221  lcd_putc                      
00001259  lcd_puts                      
00001125  lcd_reverseNibble             
00001277  lcd_sendCommand               
000012b5  lcd_sendNibble                
00001321  lcd_setCursorPos              
00002b85  ldexp                         
00002b85  ldexpl                        
20002304  left_calibration_value        
0000106d  main                          
00003b75  malloc                        
00002c95  memalign                      
00003a4d  memccpy                       
0000310b  memcpy                        
00003351  memset                        
00001079  nonBlockingApproach           
00001c6f  nonBlockingReceive            
00001ea3  ping_getDistance              
00001d61  ping_init                     
00001de7  ping_trigger                  
20002308  pulseLength                   
00002f75  realloc                       
2000230c  right_calibration_value       
20002310  risingEdge                    
00002b85  scalbn                        
00002b85  scalbnl                       
00000eef  sendDistance                  
00000d85  sendMessage                   
00002431  servo_init                    
000024c1  servo_move                    
00002521  servo_setPWM                  
000024b5  servo_stop                    
0000382d  sprintf                       
00003acb  strchr                        
00003ab3  strcmp                        
00003ae1  strcpy                        
00003af5  strlen                        
00001a3b  timer_getMicros               
000019e3  timer_getMillis               
0000191d  timer_init                    
000019bf  timer_pause                   
000019d1  timer_resume                  
00001995  timer_stop                    
00001a95  timer_waitMicros              
00001ac7  timer_waitMillis              
00001b65  uart_interrupt_init           
00001c43  uart_receive                  
00001c11  uart_sendChar                 
00001ca3  uart_sendStr                  
0000386d  vsnprintf                     
00003b09  wcslen                        


GLOBAL SYMBOLS: SORTED BY Symbol Address 

address   name                          
-------   ----                          
00000000  __TI_static_base__            
00000000  g_pfnVectors                  
0000026d  __TI_printfi                  
00000cbb  _nop                          
00000cbd  initAll                       
00000ce3  isShiftCloser                 
00000d17  isShiftFurther                
00000d4b  filter                        
00000d85  sendMessage                   
00000dab  getObjects                    
00000eef  sendDistance                  
00000f65  getFiltered                   
00000fdd  findSmallest                  
00001000  __STACK_SIZE                  
00001000  __SYSMEM_SIZE                 
00001033  lcdDispObject                 
0000106d  main                          
00001079  nonBlockingApproach           
00001125  lcd_reverseNibble             
00001161  lcd_init                      
00001221  lcd_putc                      
00001259  lcd_puts                      
00001277  lcd_sendCommand               
000012b5  lcd_sendNibble                
000012f9  lcd_gotoLine                  
00001321  lcd_setCursorPos              
0000135f  lcd_printf                    
000016bd  cyBOT_scan_version            
000016cb  cyBOT_init_Scan               
00001723  cyBOT_Scan                    
00001795  cyBOT_SERVO_cal               
0000191d  timer_init                    
00001995  timer_stop                    
000019bf  timer_pause                   
000019d1  timer_resume                  
000019e3  timer_getMillis               
00001a3b  timer_getMicros               
00001a95  timer_waitMicros              
00001ac7  timer_waitMillis              
00001b65  uart_interrupt_init           
00001c11  uart_sendChar                 
00001c43  uart_receive                  
00001c6f  nonBlockingReceive            
00001ca3  uart_sendStr                  
00001cc9  UART1_Handler                 
00001d61  ping_init                     
00001de7  ping_trigger                  
00001e51  TIMER3B_Handler               
00001ea3  ping_getDistance              
0000211d  __aeabi_dsub                  
00002127  __aeabi_dadd                  
000022d3  __aeabi_idiv0                 
000022d3  __aeabi_ldiv0                 
000022d5  cyBot_sendByte                
000022e1  cyBot_uart_sendStr            
000022fb  cyBot_uart_sendBuffer         
00002313  cyBot_uart_init               
000023a5  cyBot_uart_flush              
000023c3  cyBot_getByte                 
000023dd  cyBot_UART1_Handler           
00002431  servo_init                    
000024b5  servo_stop                    
000024c1  servo_move                    
00002521  servo_setPWM                  
00002589  __vla_alloc                   
00002811  __aeabi_ddiv                  
00002a6d  ir_init                       
00002ad5  ir_getValue                   
00002afd  ir_getDistance                
00002b05  ADC0SS0_Handler               
00002b1b  ir_enableInterrupt            
00002b85  ldexp                         
00002b85  ldexpl                        
00002b85  scalbn                        
00002b85  scalbnl                       
00002c95  aligned_alloc                 
00002c95  memalign                      
00002d95  __aeabi_dmul                  
00002e91  free                          
00002f75  realloc                       
0000310b  __aeabi_memcpy                
0000310b  __aeabi_memcpy4               
0000310b  __aeabi_memcpy8               
0000310b  memcpy                        
000031a7  __aeabi_uldivmod              
0000323d  __aeabi_cdcmpeq               
0000323d  __aeabi_cdcmple               
000032c3  __aeabi_cdrcmple              
00003349  __aeabi_memclr                
00003349  __aeabi_memclr4               
00003349  __aeabi_memclr8               
0000334b  __aeabi_memset                
0000334b  __aeabi_memset4               
0000334b  __aeabi_memset8               
00003351  memset                        
0000343d  __vla_dealloc                 
0000358b  __TI_decompress_lzss          
000035f5  frexp                         
000035f5  frexpl                        
000036af  __TI_ltoa                     
00003755  atoi                          
000037a1  __aeabi_d2iz                  
000037e9  __TI_auto_init_nobinit_nopinit
0000382d  sprintf                       
0000386d  vsnprintf                     
000038eb  __aeabi_f2d                   
00003925  IntRegister                   
00003959  _c_int00_noargs               
000039bd  __aeabi_i2d                   
00003a15  __TI_zero_init_nomemset       
00003a4d  memccpy                       
00003a69  copysign                      
00003a69  copysignl                     
00003ab3  strcmp                        
00003acb  strchr                        
00003ae1  strcpy                        
00003af5  strlen                        
00003b09  wcslen                        
00003b1b  IntMasterEnable               
00003b2b  lcd_clear                     
00003b3b  __TI_decompress_none          
00003b49  CPUcpsie                      
00003b55  ResetISR                      
00003b6d  __aeabi_errno_addr            
00003b75  malloc                        
00003b7d  __abort_execution             
00003b81  _system_pre_init              
00003b85  C$$EXIT                       
00003b85  abort                         
00003b88  _ctypes_                      
00003cb0  __TI_Handler_Table_Base       
00003cbc  __TI_Handler_Table_Limit      
00003cd0  __TI_CINIT_Base               
00003ce8  __TI_CINIT_Limit              
20000000  __start___llvm_prf_cnts       
20000000  __stop___llvm_prf_cnts        
20000000  g_pfnRAMVectors               
20000270  __stack                       
20000470  __STACK_TOP                   
20001270  __STACK_END                   
20001270  _sys_memory                   
200022c4  isr_char_buffer               
200022f8  _timeout_ticks                
200022fc  fallingEdge                   
20002300  isr_int_value                 
20002304  left_calibration_value        
20002308  pulseLength                   
2000230c  right_calibration_value       
20002310  risingEdge                    
20002314  isRisingEdge                  
20002318  _lock                         
2000231c  _unlock                       
20002328  command_byte                  
2000232c  command_flag                  
20002330  cyBOT_scan_features           
20002334  isr_counter                   
20002338  errno                         
20002340  _running                      
ffffffff  __TI_pprof_out_hndl           
ffffffff  __TI_prof_data_size           
ffffffff  __TI_prof_data_start          
ffffffff  __binit__                     
ffffffff  __c_args__                    
ffffffff  binit                         
UNDEFED   __mpu_init                    
UNDEFED   _system_post_cinit            

[166 symbols]
