******************************************************************************
                  TI ARM Linker PC v20.2.7                     
******************************************************************************
>> Linked Mon Apr 14 18:24:43 2025

OUTPUT FILE NAME:   <Lab_7new.out>
ENTRY POINT SYMBOL: "_c_int00_noargs"  address: 00005bf9


MEMORY CONFIGURATION

         name            origin    length      used     unused   attr    fill
----------------------  --------  ---------  --------  --------  ----  --------
  FLASH                 00000000   00040000  00006878  00039788  R  X
  SRAM                  20000000   00008000  0000237d  00005c83  RW X


SEGMENT ALLOCATION MAP

run origin  load origin   length   init length attrs members
----------  ----------- ---------- ----------- ----- -------
00000000    00000000    00006880   00006880    r-x
  00000000    00000000    0000026c   0000026c    r-- .intvecs
  0000026c    0000026c    00005bf0   00005bf0    r-x .text
  00005e60    00005e60    000009a4   000009a4    r-- .const
  00006808    00006808    00000078   00000078    r-- .cinit
20000000    20000000    00002384   00000000    rw-
  20000000    20000000    0000026c   00000000    rw- .vtable
  20000270    20000270    00001000   00000000    rw- .stack
  20001270    20001270    00001000   00000000    rw- .sysmem
  20002270    20002270    000000a1   00000000    rw- .data
  20002314    20002314    00000070   00000000    rw- .bss


SECTION ALLOCATION MAP

 output                                  attributes/
section   page    origin      length       input sections
--------  ----  ----------  ----------   ----------------
.intvecs   0    00000000    0000026c     
                  00000000    0000026c     tm4c123gh6pm_startup_ccs.obj (.intvecs)

.text      0    0000026c    00005bf0     
                  0000026c    00000c20     open_interface.obj (.text)
                  00000e8c    00000a4e     rtsv7M4_T_le_v4SPD16_eabi.lib : _printfi.c.obj (.text:__TI_printfi)
                  000018da    00000002                                   : _lock.c.obj (.text:_nop)
                  000018dc    00000984     lab6-interrupt_template.obj (.text)
                  00002260    00000738     rtsv7M4_T_le_v4SPD16_eabi.lib : k_rem_pio2.c.obj (.text:__kernel_rem_pio2)
                  00002998    00000508                                   : s_tan.c.obj (.text:tan)
                  00002ea0    00000394     movement.obj (.text)
                  00003234    00000380     servo.obj (.text)
                  000035b4    00000328     lcd.obj (.text)
                  000038dc    0000031c     rtsv7M4_T_le_v4SPD16_eabi.lib : k_tan.c.obj (.text:__kernel_tan)
                  00003bf8    00000314     ping.obj (.text)
                  00003f0c    00000270     rtsv7M4_T_le_v4SPD16_eabi.lib : _printfi.c.obj (.text:_pconv_a)
                  0000417c    00000248     Timer.obj (.text)
                  000043c4    00000228     uart-interrupt.obj (.text)
                  000045ec    000001d0     rtsv7M4_T_le_v4SPD16_eabi.lib : _printfi.c.obj (.text:_pconv_g)
                  000047bc    000001b6                                   : fd_add_t2.asm.obj (.text)
                  00004972    00000002                                   : div0.asm.obj (.text)
                  00004974    0000013c                                   : _printfi.c.obj (.text:_pconv_e)
                  00004ab0    00000136                                   : fd_div_t2.asm.obj (.text)
                  00004be6    00000002     --HOLE-- [fill = 0]
                  00004be8    00000124                                   : _printfi.c.obj (.text:fcvt)
                  00004d0c    00000110                                   : s_scalbn.c.obj (.text:scalbn)
                  00004e1c    0000010c     adc.obj (.text)
                  00004f28    00000100     rtsv7M4_T_le_v4SPD16_eabi.lib : memory.c.obj (.text:aligned_alloc)
                  00005028    000000fc                                   : fd_mul_t2.asm.obj (.text)
                  00005124    000000f8                                   : s_floor.c.obj (.text:floor)
                  0000521c    000000e4                                   : memory.c.obj (.text:free)
                  00005300    000000b1                                   : _printfi.c.obj (.text:_ltostr)
                  000053b1    00000001     --HOLE-- [fill = 0]
                  000053b2    0000009c                                   : memcpy_t2.asm.obj (.text)
                  0000544e    00000096                                   : ull_div_t2.asm.obj (.text)
                  000054e4    00000086                                   : fd_cmp_t2.asm.obj (.text:__aeabi_cdcmple)
                  0000556a    00000086                                   : fd_cmp_t2.asm.obj (.text:__aeabi_cdrcmple)
                  000055f0    0000007a                                   : memset_t2.asm.obj (.text)
                  0000566a    00000002     --HOLE-- [fill = 0]
                  0000566c    00000070                                   : memory.c.obj (.text:split)
                  000056dc    0000006e                                   : _printfi.c.obj (.text:_mcpy)
                  0000574a    0000006e                                   : fd_tos_t2.asm.obj (.text)
                  000057b8    00000068                                   : copy_decompress_lzss.c.obj (.text:decompress:lzss:__TI_decompress_lzss)
                  00005820    00000064                                   : s_frexp.c.obj (.text:frexp)
                  00005884    00000056                                   : _printfi.c.obj (.text:_pconv_f)
                  000058da    00000054                                   : _ltoa.c.obj (.text:__TI_ltoa)
                  0000592e    00000052                                   : _printfi.c.obj (.text:_ecpy)
                  00005980    0000004c                                   : atoi.c.obj (.text:atoi)
                  000059cc    00000048                                   : fd_toi_t2.asm.obj (.text)
                  00005a14    00000044                                   : autoinit.c.obj (.text:__TI_auto_init_nobinit_nopinit:__TI_auto_init_nobinit_nopinit)
                  00005a58    00000040                                   : sprintf.c.obj (.text:sprintf)
                  00005a98    00000040                                   : vsnprintf.c.obj (.text:vsnprintf)
                  00005ad8    0000003e                                   : _printfi.c.obj (.text:_fcpy)
                  00005b16    0000003e     cyBot_Scan.obj (.text)
                  00005b54    00000038     rtsv7M4_T_le_v4SPD16_eabi.lib : memory.c.obj (.text:calloc)
                  00005b8c    00000038                                   : fs_tod_t2.asm.obj (.text)
                  00005bc4    00000034     driverlib.lib : interrupt.obj (.text:IntRegister)
                  00005bf8    00000034     rtsv7M4_T_le_v4SPD16_eabi.lib : boot_cortex_m.c.obj (.text:_c_int00_noargs:_c_int00_noargs)
                  00005c2c    00000030                                   : vsnprintf.c.obj (.text:_outs)
                  00005c5c    0000002e                                   : i_tofd_t2.asm.obj (.text)
                  00005c8a    00000002     --HOLE-- [fill = 0]
                  00005c8c    00000028                                   : memory.c.obj (.text:free_list_insert)
                  00005cb4    00000020                                   : u_tofd_t2.asm.obj (.text)
                  00005cd4    0000001c                                   : copy_zero_init.c.obj (.text:decompress:ZI:__TI_zero_init_nomemset:__TI_zero_init_nomemset)
                  00005cf0    0000001c                                   : memory.c.obj (.text:free_list_remove)
                  00005d0c    0000001c                                   : memccpy.c.obj (.text:memccpy)
                  00005d28    0000001a                                   : s_copysign.c.obj (.text:copysign)
                  00005d42    00000018                                   : vsnprintf.c.obj (.text:_outc)
                  00005d5a    00000018                                   : sprintf.c.obj (.text:_outs)
                  00005d72    00000018     open_interface.obj (.text:oi_parseInt)
                  00005d8a    00000018     rtsv7M4_T_le_v4SPD16_eabi.lib : strcmp.c.obj (.text:strcmp)
                  00005da2    00000016                                   : strchr.c.obj (.text:strchr)
                  00005db8    00000014                                   : strcpy.c.obj (.text:strcpy)
                  00005dcc    00000014                                   : strlen.c.obj (.text:strlen)
                  00005de0    00000012                                   : wcslen.c.obj (.text:wcslen)
                  00005df2    00000010     driverlib.lib : interrupt.obj (.text:IntMasterEnable)
                  00005e02    00000010     lcd.obj (.text:lcd_clear)
                  00005e12    0000000e     rtsv7M4_T_le_v4SPD16_eabi.lib : copy_decompress_none.c.obj (.text:decompress:none:__TI_decompress_none)
                  00005e20    0000000c     driverlib.lib : cpu.obj (.text:CPUcpsie)
                  00005e2c    0000000c     tm4c123gh6pm_startup_ccs.obj (.text)
                  00005e38    0000000a     rtsv7M4_T_le_v4SPD16_eabi.lib : sprintf.c.obj (.text:_outc)
                  00005e42    00000002     --HOLE-- [fill = 0]
                  00005e44    00000008                                   : errno.c.obj (.text:__aeabi_errno_addr)
                  00005e4c    00000008                                   : memory.c.obj (.text:malloc)
                  00005e54    00000004                                   : pre_init.c.obj (.text:_system_pre_init)
                  00005e58    00000004                                   : exit.c.obj (.text:abort:abort)

.const     0    00005e60    000009a4     
                  00005e60    000005a8     lab6-interrupt_template.obj (.const:$P$T0$1)
                  00006408    00000158     rtsv7M4_T_le_v4SPD16_eabi.lib : k_rem_pio2.c.obj (.const:$O1$$)
                  00006560    00000101                                   : ctype.c.obj (.const:.string:_ctypes_)
                  00006661    00000004     lcd.obj (.const:.string:lineAddress$1)
                  00006665    00000003     --HOLE-- [fill = 0]
                  00006668    000000f0     lab6-interrupt_template.obj (.const:$P$T1$2)
                  00006758    00000080     rtsv7M4_T_le_v4SPD16_eabi.lib : k_tan.c.obj (.const:xxx)
                  000067d8    0000000f     open_interface.obj (.const:.string:$P$T0$3)
                  000067e7    00000001     --HOLE-- [fill = 0]
                  000067e8    0000000c     lab6-interrupt_template.obj (.const:$P$T2$3)
                  000067f4    0000000c     lab6-interrupt_template.obj (.const:$P$T3$4)
                  00006800    00000004     lcd.obj (.const:.string:lineAddresses$2)

.cinit     0    00006808    00000078     
                  00006808    0000003f     (.cinit..data.load) [load image, compression = lzss]
                  00006847    00000001     --HOLE-- [fill = 0]
                  00006848    0000000c     (__TI_handler_table)
                  00006854    00000004     --HOLE-- [fill = 0]
                  00006858    00000008     (.cinit..bss.load) [load image, compression = zero_init]
                  00006860    00000008     (.cinit..vtable.load) [load image, compression = zero_init]
                  00006868    00000018     (__TI_cinit_table)

.init_array 
*          0    00000000    00000000     UNINITIALIZED

.vtable    0    20000000    0000026c     UNINITIALIZED
                  20000000    0000026c     driverlib.lib : interrupt.obj (.vtable)

.stack     0    20000270    00001000     UNINITIALIZED
                  20000270    00000004     rtsv7M4_T_le_v4SPD16_eabi.lib : boot_cortex_m.c.obj (.stack)
                  20000274    00000ffc     --HOLE--

.sysmem    0    20001270    00001000     UNINITIALIZED
                  20001270    00000010     rtsv7M4_T_le_v4SPD16_eabi.lib : memory.c.obj (.sysmem)
                  20001280    00000ff0     --HOLE--

.data      0    20002270    000000a1     UNINITIALIZED
                  20002270    00000020     open_interface.obj (.data)
                  20002290    00000018     ping.obj (.data)
                  200022a8    00000010     lab6-interrupt_template.obj (.data)
                  200022b8    00000010     movement.obj (.data)
                  200022c8    00000010     servo.obj (.data)
                  200022d8    0000000c     uart-interrupt.obj (.data)
                  200022e4    0000000c     lab6-interrupt_template.obj (.data:x_buffer)
                  200022f0    0000000c     lab6-interrupt_template.obj (.data:y_buffer)
                  200022fc    00000008     rtsv7M4_T_le_v4SPD16_eabi.lib : _lock.c.obj (.data:$O1$$)
                  20002304    00000008                                   : memory.c.obj (.data:$O1$$)
                  2000230c    00000004                                   : errno.c.obj (.data)
                  20002310    00000001     Timer.obj (.data)

.bss       0    20002314    00000070     UNINITIALIZED
                  20002314    00000054     lcd.obj (.bss:lastbuffer$3)
                  20002368    00000018     open_interface.obj (.bss:firmware$2)
                  20002380    00000004     (.common:_timeout_ticks)

__llvm_prf_cnts 
*          0    20000000    00000000     UNINITIALIZED

MODULE SUMMARY

       Module                         code    ro data   rw data
       ------                         ----    -------   -------
    .\
       lab6-interrupt_template.obj    2436    1712      40     
       open_interface.obj             3128    15        56     
       movement.obj                   916     0         16     
       lcd.obj                        824     8         84     
       servo.obj                      896     0         16     
       ping.obj                       788     0         24     
       tm4c123gh6pm_startup_ccs.obj   12      620       0      
       Timer.obj                      584     0         5      
       uart-interrupt.obj             552     0         12     
       adc.obj                        268     0         0      
       cyBot_Scan.obj                 62      0         0      
    +--+------------------------------+-------+---------+---------+
       Total:                         10466   2355      253    
                                                               
    C:/ti/TivaWare_C_Series-2.2.0.295/driverlib/ccs/Debug/driverlib.lib
       interrupt.obj                  68      0         620    
       cpu.obj                        12      0         0      
    +--+------------------------------+-------+---------+---------+
       Total:                         80      0         620    
                                                               
    C:\ti\ccs1271\ccs\tools\compiler\ti-cgt-arm_20.2.7.LTS\lib\rtsv7M4_T_le_v4SPD16_eabi.lib
       _printfi.c.obj                 4851    0         0      
       k_rem_pio2.c.obj               1848    344       0      
       s_tan.c.obj                    1288    0         0      
       k_tan.c.obj                    796     128       0      
       memory.c.obj                   728     0         8      
       fd_add_t2.asm.obj              438     0         0      
       fd_div_t2.asm.obj              310     0         0      
       s_scalbn.c.obj                 272     0         0      
       fd_cmp_t2.asm.obj              268     0         0      
       ctype.c.obj                    0       257       0      
       fd_mul_t2.asm.obj              252     0         0      
       s_floor.c.obj                  248     0         0      
       memcpy_t2.asm.obj              156     0         0      
       ull_div_t2.asm.obj             150     0         0      
       vsnprintf.c.obj                136     0         0      
       memset_t2.asm.obj              122     0         0      
       fd_tos_t2.asm.obj              110     0         0      
       copy_decompress_lzss.c.obj     104     0         0      
       s_frexp.c.obj                  100     0         0      
       sprintf.c.obj                  98      0         0      
       _ltoa.c.obj                    84      0         0      
       atoi.c.obj                     76      0         0      
       fd_toi_t2.asm.obj              72      0         0      
       autoinit.c.obj                 68      0         0      
       fs_tod_t2.asm.obj              56      0         0      
       boot_cortex_m.c.obj            52      0         0      
       i_tofd_t2.asm.obj              46      0         0      
       u_tofd_t2.asm.obj              32      0         0      
       copy_zero_init.c.obj           28      0         0      
       memccpy.c.obj                  28      0         0      
       s_copysign.c.obj               26      0         0      
       strcmp.c.obj                   24      0         0      
       strchr.c.obj                   22      0         0      
       strcpy.c.obj                   20      0         0      
       strlen.c.obj                   20      0         0      
       wcslen.c.obj                   18      0         0      
       copy_decompress_none.c.obj     14      0         0      
       errno.c.obj                    8       0         4      
       _lock.c.obj                    2       0         8      
       exit.c.obj                     4       0         0      
       pre_init.c.obj                 4       0         0      
       div0.asm.obj                   2       0         0      
    +--+------------------------------+-------+---------+---------+
       Total:                         12981   729       20     
                                                               
       Heap:                          0       0         4096   
       Stack:                         0       0         4096   
       Linker Generated:              0       115       0      
    +--+------------------------------+-------+---------+---------+
       Grand Total:                   23527   3199      9085   


LINKER GENERATED COPY TABLES

__TI_cinit_table @ 00006868 records: 3, size/record: 8, table size: 24
	.data: load addr=00006808, load size=0000003f bytes, run addr=20002270, run size=000000a1 bytes, compression=lzss
	.bss: load addr=00006858, load size=00000008 bytes, run addr=20002314, run size=00000070 bytes, compression=zero_init
	.vtable: load addr=00006860, load size=00000008 bytes, run addr=20000000, run size=0000026c bytes, compression=zero_init


LINKER GENERATED HANDLER TABLE

__TI_handler_table @ 00006848 records: 3, size/record: 4, table size: 12
	index: 0, handler: __TI_zero_init
	index: 1, handler: __TI_decompress_lzss
	index: 2, handler: __TI_decompress_none


GLOBAL SYMBOLS: SORTED ALPHABETICALLY BY Name 

address   name                          
-------   ----                          
00005e59  C$$EXIT                       
00005e21  CPUcpsie                      
00000bc3  GPIOF_Handler                 
00005df3  IntMasterEnable               
00005bc5  IntRegister                   
00005e2d  ResetISR                      
00003d53  TIMER3B_Handler               
000044f7  UART1_Handler                 
20001270  __STACK_END                   
00001000  __STACK_SIZE                  
20000470  __STACK_TOP                   
00001000  __SYSMEM_SIZE                 
00006868  __TI_CINIT_Base               
00006880  __TI_CINIT_Limit              
00006848  __TI_Handler_Table_Base       
00006854  __TI_Handler_Table_Limit      
00005a15  __TI_auto_init_nobinit_nopinit
000057b9  __TI_decompress_lzss          
00005e13  __TI_decompress_none          
000058db  __TI_ltoa                     
ffffffff  __TI_pprof_out_hndl           
00000e8d  __TI_printfi                  
ffffffff  __TI_prof_data_size           
ffffffff  __TI_prof_data_start          
00000000  __TI_static_base__            
00005cd5  __TI_zero_init_nomemset       
000054e5  __aeabi_cdcmpeq               
000054e5  __aeabi_cdcmple               
0000556b  __aeabi_cdrcmple              
0000574b  __aeabi_d2f                   
000059cd  __aeabi_d2iz                  
000047c7  __aeabi_dadd                  
00004ab1  __aeabi_ddiv                  
00005029  __aeabi_dmul                  
000047bd  __aeabi_dsub                  
00005e45  __aeabi_errno_addr            
00005b8d  __aeabi_f2d                   
00005c5d  __aeabi_i2d                   
00004973  __aeabi_idiv0                 
00004973  __aeabi_ldiv0                 
000055f1  __aeabi_memclr                
000055f1  __aeabi_memclr4               
000055f1  __aeabi_memclr8               
000053b3  __aeabi_memcpy                
000053b3  __aeabi_memcpy4               
000053b3  __aeabi_memcpy8               
000055f3  __aeabi_memset                
000055f3  __aeabi_memset4               
000055f3  __aeabi_memset8               
00005cb5  __aeabi_ui2d                  
0000544f  __aeabi_uldivmod              
ffffffff  __binit__                     
ffffffff  __c_args__                    
00002261  __kernel_rem_pio2             
000038dd  __kernel_tan                  
UNDEFED   __mpu_init                    
20000270  __stack                       
20000000  __start___llvm_prf_cnts       
20000000  __stop___llvm_prf_cnts        
00005bf9  _c_int00_noargs               
00006560  _ctypes_                      
200022fc  _lock                         
000018db  _nop                          
20002310  _running                      
20001270  _sys_memory                   
UNDEFED   _system_post_cinit            
00005e55  _system_pre_init              
20002380  _timeout_ticks                
20002300  _unlock                       
00005e59  abort                         
00004e1d  adc_init                      
00004eb5  adc_read                      
00004f29  aligned_alloc                 
200022b8  angle_correction_factor       
00005981  atoi                          
000030a3  avoid_left                    
0000304f  avoid_right                   
ffffffff  binit                         
00001a23  butterworth_lpf               
200022c8  calibratedLeft                
200022cc  calibratedRight               
00005b55  calloc                        
200022d8  command_byte                  
200022dc  command_flag                  
00005d29  copysign                      
00005d29  copysignl                     
200022d0  currAngle                     
00005b2d  cyBOT_Scan                    
00005b17  cyBOT_init_Scan               
00001f35  detect_and_move               
00001ba5  detect_objects                
2000230c  errno                         
00005125  floor                         
00005125  floorl                        
0000521d  free                          
00005821  frexp                         
00005821  frexpl                        
20002294  g_end_time                    
20000000  g_pfnRAMVectors               
00000000  g_pfnVectors                  
20002290  g_start_time                  
200022a0  g_state                       
0000097f  go_charge                     
00005e03  lcd_clear                     
00003789  lcd_gotoLine                  
000035f1  lcd_init                      
000037ef  lcd_printf                    
000036b1  lcd_putc                      
000036e9  lcd_puts                      
000035b5  lcd_reverseNibble             
00003707  lcd_sendCommand               
00003745  lcd_sendNibble                
000037b1  lcd_setCursorPos              
00004d0d  ldexp                         
00004d0d  ldexpl                        
200022b0  lpf_initialized               
000018dd  main                          
00005e4d  malloc                        
00004f29  memalign                      
00005d0d  memccpy                       
000053b3  memcpy                        
000055f9  memset                        
20002270  motor_cal_factor_L            
20002274  motor_cal_factor_R            
00002fe7  move_backward                 
00002f83  move_forward                  
00002ea1  move_forward_bump_interrupt   
200022b4  object_count                  
0000026d  oi_alloc                      
00000aa9  oi_checkFirmware              
000002c7  oi_close                      
00000279  oi_free                       
00000ded  oi_getMotorCalibrationLeft    
00000e01  oi_getMotorCalibrationRight   
000002b1  oi_init                       
00000289  oi_init_noupdate              
00000915  oi_loadSong                   
00005d73  oi_parseInt                   
0000032b  oi_parsePacket                
0000096b  oi_play_song                  
0000084b  oi_setLeds                    
00000db1  oi_setMotorCalibration        
0000088f  oi_setWheels                  
00000b51  oi_shutoff_init               
0000098d  oi_uartInit                   
00000a31  oi_uartReceive                
00000a77  oi_uartSendBuff               
00000a15  oi_uartSendChar               
00000a59  oi_uartSendStr                
000002d9  oi_update                     
200022a4  overflows                     
00003dab  ping_getDistance              
00003bf9  ping_init                     
00003cd5  ping_trigger                  
2000229c  preScaleVal                   
200022e0  prev_command_flag             
00004d0d  scalbn                        
00004d0d  scalbnl                       
00001947  scan_angle                    
000021ef  send_string_putty             
000033c3  servo_calibrate               
00003235  servo_init                    
000032d7  servo_move                    
0000339b  servo_setPulseLength          
00005a59  sprintf                       
00005da3  strchr                        
00005d8b  strcmp                        
00005db9  strcpy                        
00005dcd  strlen                        
00002999  tan                           
00002999  tanl                          
200022d4  timeMult                      
20002298  timerVal                      
0000429b  timer_getMicros               
00004243  timer_getMillis               
0000417d  timer_init                    
0000421f  timer_pause                   
00004231  timer_resume                  
000041f5  timer_stop                    
000042f5  timer_waitMicros              
00004327  timer_waitMillis              
00003189  turn_left                     
000030f7  turn_right                    
000043c5  uart_interrupt_init           
000044a7  uart_receive                  
000044cd  uart_receivenb                
0000448b  uart_sendChar                 
00005a99  vsnprintf                     
00005de1  wcslen                        
200022e4  x_buffer                      
200022f0  y_buffer                      


GLOBAL SYMBOLS: SORTED BY Symbol Address 

address   name                          
-------   ----                          
00000000  __TI_static_base__            
00000000  g_pfnVectors                  
0000026d  oi_alloc                      
00000279  oi_free                       
00000289  oi_init_noupdate              
000002b1  oi_init                       
000002c7  oi_close                      
000002d9  oi_update                     
0000032b  oi_parsePacket                
0000084b  oi_setLeds                    
0000088f  oi_setWheels                  
00000915  oi_loadSong                   
0000096b  oi_play_song                  
0000097f  go_charge                     
0000098d  oi_uartInit                   
00000a15  oi_uartSendChar               
00000a31  oi_uartReceive                
00000a59  oi_uartSendStr                
00000a77  oi_uartSendBuff               
00000aa9  oi_checkFirmware              
00000b51  oi_shutoff_init               
00000bc3  GPIOF_Handler                 
00000db1  oi_setMotorCalibration        
00000ded  oi_getMotorCalibrationLeft    
00000e01  oi_getMotorCalibrationRight   
00000e8d  __TI_printfi                  
00001000  __STACK_SIZE                  
00001000  __SYSMEM_SIZE                 
000018db  _nop                          
000018dd  main                          
00001947  scan_angle                    
00001a23  butterworth_lpf               
00001ba5  detect_objects                
00001f35  detect_and_move               
000021ef  send_string_putty             
00002261  __kernel_rem_pio2             
00002999  tan                           
00002999  tanl                          
00002ea1  move_forward_bump_interrupt   
00002f83  move_forward                  
00002fe7  move_backward                 
0000304f  avoid_right                   
000030a3  avoid_left                    
000030f7  turn_right                    
00003189  turn_left                     
00003235  servo_init                    
000032d7  servo_move                    
0000339b  servo_setPulseLength          
000033c3  servo_calibrate               
000035b5  lcd_reverseNibble             
000035f1  lcd_init                      
000036b1  lcd_putc                      
000036e9  lcd_puts                      
00003707  lcd_sendCommand               
00003745  lcd_sendNibble                
00003789  lcd_gotoLine                  
000037b1  lcd_setCursorPos              
000037ef  lcd_printf                    
000038dd  __kernel_tan                  
00003bf9  ping_init                     
00003cd5  ping_trigger                  
00003d53  TIMER3B_Handler               
00003dab  ping_getDistance              
0000417d  timer_init                    
000041f5  timer_stop                    
0000421f  timer_pause                   
00004231  timer_resume                  
00004243  timer_getMillis               
0000429b  timer_getMicros               
000042f5  timer_waitMicros              
00004327  timer_waitMillis              
000043c5  uart_interrupt_init           
0000448b  uart_sendChar                 
000044a7  uart_receive                  
000044cd  uart_receivenb                
000044f7  UART1_Handler                 
000047bd  __aeabi_dsub                  
000047c7  __aeabi_dadd                  
00004973  __aeabi_idiv0                 
00004973  __aeabi_ldiv0                 
00004ab1  __aeabi_ddiv                  
00004d0d  ldexp                         
00004d0d  ldexpl                        
00004d0d  scalbn                        
00004d0d  scalbnl                       
00004e1d  adc_init                      
00004eb5  adc_read                      
00004f29  aligned_alloc                 
00004f29  memalign                      
00005029  __aeabi_dmul                  
00005125  floor                         
00005125  floorl                        
0000521d  free                          
000053b3  __aeabi_memcpy                
000053b3  __aeabi_memcpy4               
000053b3  __aeabi_memcpy8               
000053b3  memcpy                        
0000544f  __aeabi_uldivmod              
000054e5  __aeabi_cdcmpeq               
000054e5  __aeabi_cdcmple               
0000556b  __aeabi_cdrcmple              
000055f1  __aeabi_memclr                
000055f1  __aeabi_memclr4               
000055f1  __aeabi_memclr8               
000055f3  __aeabi_memset                
000055f3  __aeabi_memset4               
000055f3  __aeabi_memset8               
000055f9  memset                        
0000574b  __aeabi_d2f                   
000057b9  __TI_decompress_lzss          
00005821  frexp                         
00005821  frexpl                        
000058db  __TI_ltoa                     
00005981  atoi                          
000059cd  __aeabi_d2iz                  
00005a15  __TI_auto_init_nobinit_nopinit
00005a59  sprintf                       
00005a99  vsnprintf                     
00005b17  cyBOT_init_Scan               
00005b2d  cyBOT_Scan                    
00005b55  calloc                        
00005b8d  __aeabi_f2d                   
00005bc5  IntRegister                   
00005bf9  _c_int00_noargs               
00005c5d  __aeabi_i2d                   
00005cb5  __aeabi_ui2d                  
00005cd5  __TI_zero_init_nomemset       
00005d0d  memccpy                       
00005d29  copysign                      
00005d29  copysignl                     
00005d73  oi_parseInt                   
00005d8b  strcmp                        
00005da3  strchr                        
00005db9  strcpy                        
00005dcd  strlen                        
00005de1  wcslen                        
00005df3  IntMasterEnable               
00005e03  lcd_clear                     
00005e13  __TI_decompress_none          
00005e21  CPUcpsie                      
00005e2d  ResetISR                      
00005e45  __aeabi_errno_addr            
00005e4d  malloc                        
00005e55  _system_pre_init              
00005e59  C$$EXIT                       
00005e59  abort                         
00006560  _ctypes_                      
00006848  __TI_Handler_Table_Base       
00006854  __TI_Handler_Table_Limit      
00006868  __TI_CINIT_Base               
00006880  __TI_CINIT_Limit              
20000000  __start___llvm_prf_cnts       
20000000  __stop___llvm_prf_cnts        
20000000  g_pfnRAMVectors               
20000270  __stack                       
20000470  __STACK_TOP                   
20001270  __STACK_END                   
20001270  _sys_memory                   
20002270  motor_cal_factor_L            
20002274  motor_cal_factor_R            
20002290  g_start_time                  
20002294  g_end_time                    
20002298  timerVal                      
2000229c  preScaleVal                   
200022a0  g_state                       
200022a4  overflows                     
200022b0  lpf_initialized               
200022b4  object_count                  
200022b8  angle_correction_factor       
200022c8  calibratedLeft                
200022cc  calibratedRight               
200022d0  currAngle                     
200022d4  timeMult                      
200022d8  command_byte                  
200022dc  command_flag                  
200022e0  prev_command_flag             
200022e4  x_buffer                      
200022f0  y_buffer                      
200022fc  _lock                         
20002300  _unlock                       
2000230c  errno                         
20002310  _running                      
20002380  _timeout_ticks                
ffffffff  __TI_pprof_out_hndl           
ffffffff  __TI_prof_data_size           
ffffffff  __TI_prof_data_start          
ffffffff  __binit__                     
ffffffff  __c_args__                    
ffffffff  binit                         
UNDEFED   __mpu_init                    
UNDEFED   _system_post_cinit            

[191 symbols]
